Archive member included to satisfy reference by file (symbol)

f:/0_career/0_skill_stack/hardware/0_embedded_sys_dev/1_mcu_dev/0_mcu_stm32/project/win-dev-tools/gcc-arm-none-eabi/bin/../lib/gcc/arm-none-eabi/10.3.1/../../../../arm-none-eabi/lib/thumb/v7e-m+dp/hard\libc_nano.a(lib_a-errno.o)
                              build/syscalls.o (__errno)
f:/0_career/0_skill_stack/hardware/0_embedded_sys_dev/1_mcu_dev/0_mcu_stm32/project/win-dev-tools/gcc-arm-none-eabi/bin/../lib/gcc/arm-none-eabi/10.3.1/../../../../arm-none-eabi/lib/thumb/v7e-m+dp/hard\libc_nano.a(lib_a-exit.o)
                              f:/0_career/0_skill_stack/hardware/0_embedded_sys_dev/1_mcu_dev/0_mcu_stm32/project/win-dev-tools/gcc-arm-none-eabi/bin/../lib/gcc/arm-none-eabi/10.3.1/../../../../arm-none-eabi/lib/thumb/v7e-m+dp/hard/crt0.o (exit)
f:/0_career/0_skill_stack/hardware/0_embedded_sys_dev/1_mcu_dev/0_mcu_stm32/project/win-dev-tools/gcc-arm-none-eabi/bin/../lib/gcc/arm-none-eabi/10.3.1/../../../../arm-none-eabi/lib/thumb/v7e-m+dp/hard\libc_nano.a(lib_a-impure.o)
                              f:/0_career/0_skill_stack/hardware/0_embedded_sys_dev/1_mcu_dev/0_mcu_stm32/project/win-dev-tools/gcc-arm-none-eabi/bin/../lib/gcc/arm-none-eabi/10.3.1/../../../../arm-none-eabi/lib/thumb/v7e-m+dp/hard\libc_nano.a(lib_a-exit.o) (_global_impure_ptr)
f:/0_career/0_skill_stack/hardware/0_embedded_sys_dev/1_mcu_dev/0_mcu_stm32/project/win-dev-tools/gcc-arm-none-eabi/bin/../lib/gcc/arm-none-eabi/10.3.1/../../../../arm-none-eabi/lib/thumb/v7e-m+dp/hard\libc_nano.a(lib_a-init.o)
                              f:/0_career/0_skill_stack/hardware/0_embedded_sys_dev/1_mcu_dev/0_mcu_stm32/project/win-dev-tools/gcc-arm-none-eabi/bin/../lib/gcc/arm-none-eabi/10.3.1/../../../../arm-none-eabi/lib/thumb/v7e-m+dp/hard/crt0.o (__libc_init_array)
f:/0_career/0_skill_stack/hardware/0_embedded_sys_dev/1_mcu_dev/0_mcu_stm32/project/win-dev-tools/gcc-arm-none-eabi/bin/../lib/gcc/arm-none-eabi/10.3.1/../../../../arm-none-eabi/lib/thumb/v7e-m+dp/hard\libc_nano.a(lib_a-memset.o)
                              f:/0_career/0_skill_stack/hardware/0_embedded_sys_dev/1_mcu_dev/0_mcu_stm32/project/win-dev-tools/gcc-arm-none-eabi/bin/../lib/gcc/arm-none-eabi/10.3.1/../../../../arm-none-eabi/lib/thumb/v7e-m+dp/hard/crt0.o (memset)
f:/0_career/0_skill_stack/hardware/0_embedded_sys_dev/1_mcu_dev/0_mcu_stm32/project/win-dev-tools/gcc-arm-none-eabi/bin/../lib/gcc/arm-none-eabi/10.3.1/../../../../arm-none-eabi/lib/thumb/v7e-m+dp/hard\libc_nano.a(lib_a-nano-vfprintf_float.o)
                              (_printf_float)
f:/0_career/0_skill_stack/hardware/0_embedded_sys_dev/1_mcu_dev/0_mcu_stm32/project/win-dev-tools/gcc-arm-none-eabi/bin/../lib/gcc/arm-none-eabi/10.3.1/../../../../arm-none-eabi/lib/thumb/v7e-m+dp/hard\libc_nano.a(lib_a-nano-vfprintf_i.o)
                              f:/0_career/0_skill_stack/hardware/0_embedded_sys_dev/1_mcu_dev/0_mcu_stm32/project/win-dev-tools/gcc-arm-none-eabi/bin/../lib/gcc/arm-none-eabi/10.3.1/../../../../arm-none-eabi/lib/thumb/v7e-m+dp/hard\libc_nano.a(lib_a-nano-vfprintf_float.o) (_printf_common)
f:/0_career/0_skill_stack/hardware/0_embedded_sys_dev/1_mcu_dev/0_mcu_stm32/project/win-dev-tools/gcc-arm-none-eabi/bin/../lib/gcc/arm-none-eabi/10.3.1/../../../../arm-none-eabi/lib/thumb/v7e-m+dp/hard\libc_nano.a(lib_a-nano-vfscanf_float.o)
                              (_scanf_float)
f:/0_career/0_skill_stack/hardware/0_embedded_sys_dev/1_mcu_dev/0_mcu_stm32/project/win-dev-tools/gcc-arm-none-eabi/bin/../lib/gcc/arm-none-eabi/10.3.1/../../../../arm-none-eabi/lib/thumb/v7e-m+dp/hard\libc_nano.a(lib_a-sf_nan.o)
                              f:/0_career/0_skill_stack/hardware/0_embedded_sys_dev/1_mcu_dev/0_mcu_stm32/project/win-dev-tools/gcc-arm-none-eabi/bin/../lib/gcc/arm-none-eabi/10.3.1/../../../../arm-none-eabi/lib/thumb/v7e-m+dp/hard\libc_nano.a(lib_a-nano-vfscanf_float.o) (nanf)
f:/0_career/0_skill_stack/hardware/0_embedded_sys_dev/1_mcu_dev/0_mcu_stm32/project/win-dev-tools/gcc-arm-none-eabi/bin/../lib/gcc/arm-none-eabi/10.3.1/../../../../arm-none-eabi/lib/thumb/v7e-m+dp/hard\libc_nano.a(lib_a-sprintf.o)
                              f:/0_career/0_skill_stack/hardware/0_embedded_sys_dev/1_mcu_dev/0_mcu_stm32/project/win-dev-tools/gcc-arm-none-eabi/bin/../lib/gcc/arm-none-eabi/10.3.1/../../../../arm-none-eabi/lib/thumb/v7e-m+dp/hard\libc_nano.a(lib_a-nano-vfscanf_float.o) (sprintf)
f:/0_career/0_skill_stack/hardware/0_embedded_sys_dev/1_mcu_dev/0_mcu_stm32/project/win-dev-tools/gcc-arm-none-eabi/bin/../lib/gcc/arm-none-eabi/10.3.1/../../../../arm-none-eabi/lib/thumb/v7e-m+dp/hard\libc_nano.a(lib_a-strlen.o)
                              f:/0_career/0_skill_stack/hardware/0_embedded_sys_dev/1_mcu_dev/0_mcu_stm32/project/win-dev-tools/gcc-arm-none-eabi/bin/../lib/gcc/arm-none-eabi/10.3.1/../../../../arm-none-eabi/lib/thumb/v7e-m+dp/hard\libc_nano.a(lib_a-nano-vfprintf_float.o) (strlen)
[...]
Memory Configuration

Name             Origin             Length             Attributes
DTCMRAM          0x20000000         0x00020000         xrw
RAM_D1           0x24000000         0x00050000         xrw
RAM_D2           0x30000000         0x00008000         xrw
RAM_D3           0x38000000         0x00004000         xrw
ITCMRAM          0x00000000         0x00010000         xrw
FLASH            0x08000000         0x00100000         xr
*default*        0x00000000         0xffffffff

Linker script and memory map

LOAD f:/0_career/0_skill_stack/hardware/0_embedded_sys_dev/1_mcu_dev/0_mcu_stm32/project/win-dev-tools/gcc-arm-none-eabi/bin/../lib/gcc/arm-none-eabi/10.3.1/thumb/v7e-m+dp/hard/crti.o
LOAD f:/0_career/0_skill_stack/hardware/0_embedded_sys_dev/1_mcu_dev/0_mcu_stm32/project/win-dev-tools/gcc-arm-none-eabi/bin/../lib/gcc/arm-none-eabi/10.3.1/thumb/v7e-m+dp/hard/crtbegin.o
LOAD f:/0_career/0_skill_stack/hardware/0_embedded_sys_dev/1_mcu_dev/0_mcu_stm32/project/win-dev-tools/gcc-arm-none-eabi/bin/../lib/gcc/arm-none-eabi/10.3.1/../../../../arm-none-eabi/lib/thumb/v7e-m+dp/hard/crt0.o
LOAD build/main.o
LOAD build/gpio.o
LOAD build/stm32h7xx_it.o
LOAD build/stm32h7xx_hal_msp.o
LOAD build/stm32h7xx_hal_cortex.o
LOAD build/stm32h7xx_hal_rcc.o
LOAD build/stm32h7xx_hal_rcc_ex.o
LOAD build/stm32h7xx_hal_flash.o
LOAD build/stm32h7xx_hal_flash_ex.o
LOAD build/stm32h7xx_hal_gpio.o
LOAD build/stm32h7xx_hal_hsem.o
LOAD build/stm32h7xx_hal_dma.o
LOAD build/stm32h7xx_hal_dma_ex.o
LOAD build/stm32h7xx_hal_mdma.o
LOAD build/stm32h7xx_hal_pwr.o
LOAD build/stm32h7xx_hal_pwr_ex.o
LOAD build/stm32h7xx_hal.o
LOAD build/stm32h7xx_hal_i2c.o
LOAD build/stm32h7xx_hal_i2c_ex.o
LOAD build/stm32h7xx_hal_exti.o
LOAD build/stm32h7xx_hal_tim.o
LOAD build/stm32h7xx_hal_tim_ex.o
LOAD build/system_stm32h7xx.o
LOAD build/printf.o
LOAD build/sysmem.o
LOAD build/syscalls.o
LOAD build/startup_stm32h723xx.o
LOAD f:/0_career/0_skill_stack/hardware/0_embedded_sys_dev/1_mcu_dev/0_mcu_stm32/project/win-dev-tools/gcc-arm-none-eabi/bin/../lib/gcc/arm-none-eabi/10.3.1/../../../../arm-none-eabi/lib/thumb/v7e-m+dp/hard\libc_nano.a
LOAD f:/0_career/0_skill_stack/hardware/0_embedded_sys_dev/1_mcu_dev/0_mcu_stm32/project/win-dev-tools/gcc-arm-none-eabi/bin/../lib/gcc/arm-none-eabi/10.3.1/../../../../arm-none-eabi/lib/thumb/v7e-m+dp/hard\libm.a
LOAD f:/0_career/0_skill_stack/hardware/0_embedded_sys_dev/1_mcu_dev/0_mcu_stm32/project/win-dev-tools/gcc-arm-none-eabi/bin/../lib/gcc/arm-none-eabi/10.3.1/../../../../arm-none-eabi/lib/thumb/v7e-m+dp/hard\libnosys.a
START GROUP
LOAD f:/0_career/0_skill_stack/hardware/0_embedded_sys_dev/1_mcu_dev/0_mcu_stm32/project/win-dev-tools/gcc-arm-none-eabi/bin/../lib/gcc/arm-none-eabi/10.3.1/thumb/v7e-m+dp/hard\libgcc.a
LOAD f:/0_career/0_skill_stack/hardware/0_embedded_sys_dev/1_mcu_dev/0_mcu_stm32/project/win-dev-tools/gcc-arm-none-eabi/bin/../lib/gcc/arm-none-eabi/10.3.1/../../../../arm-none-eabi/lib/thumb/v7e-m+dp/hard\libc_nano.a
END GROUP
START GROUP
LOAD f:/0_career/0_skill_stack/hardware/0_embedded_sys_dev/1_mcu_dev/0_mcu_stm32/project/win-dev-tools/gcc-arm-none-eabi/bin/../lib/gcc/arm-none-eabi/10.3.1/thumb/v7e-m+dp/hard\libgcc.a
LOAD f:/0_career/0_skill_stack/hardware/0_embedded_sys_dev/1_mcu_dev/0_mcu_stm32/project/win-dev-tools/gcc-arm-none-eabi/bin/../lib/gcc/arm-none-eabi/10.3.1/../../../../arm-none-eabi/lib/thumb/v7e-m+dp/hard\libc_nano.a
END GROUP
LOAD f:/0_career/0_skill_stack/hardware/0_embedded_sys_dev/1_mcu_dev/0_mcu_stm32/project/win-dev-tools/gcc-arm-none-eabi/bin/../lib/gcc/arm-none-eabi/10.3.1/thumb/v7e-m+dp/hard/crtend.o
LOAD f:/0_career/0_skill_stack/hardware/0_embedded_sys_dev/1_mcu_dev/0_mcu_stm32/project/win-dev-tools/gcc-arm-none-eabi/bin/../lib/gcc/arm-none-eabi/10.3.1/thumb/v7e-m+dp/hard/crtn.o
                0x20020000                _estack = (ORIGIN (DTCMRAM) + LENGTH (DTCMRAM))
                0x00000200                _Min_Heap_Size = 0x200
                0x00000400                _Min_Stack_Size = 0x400

.isr_vector     0x08000000      0x2cc
                0x08000000                . = ALIGN (0x4)
 *(.isr_vector)
 .isr_vector    0x08000000      0x2cc build/startup_stm32h723xx.o
                0x08000000                g_pfnVectors
                0x080002cc                . = ALIGN (0x4)

.text           0x080002d0     0x72e8
                0x080002d0                . = ALIGN (0x4)
 *(.text)
 .text          0x080002d0       0x10 f:/0_career/0_skill_stack/hardware/0_embedded_sys_dev/1_mcu_dev/0_mcu_stm32/project/win-dev-tools/gcc-arm-none-eabi/bin/../lib/gcc/arm-none-eabi/10.3.1/../../../../arm-none-eabi/lib/thumb/v7e-m+dp/hard\libc_nano.a(lib_a-strlen.o)
                0x080002d0                strlen
 .text          0x080002e0       0xa0 f:/0_career/0_skill_stack/hardware/0_embedded_sys_dev/1_mcu_dev/0_mcu_stm32/project/win-dev-tools/gcc-arm-none-eabi/bin/../lib/gcc/arm-none-eabi/10.3.1/../../../../arm-none-eabi/lib/thumb/v7e-m+dp/hard\libc_nano.a(lib_a-memchr.o)
                0x080002e0                memchr
 .text          0x08000380      0x378 f:/0_career/0_skill_stack/hardware/0_embedded_sys_dev/1_mcu_dev/0_mcu_stm32/project/win-dev-tools/gcc-arm-none-eabi/bin/../lib/gcc/arm-none-eabi/10.3.1/thumb/v7e-m+dp/hard\libgcc.a(_arm_addsubdf3.o)
                0x08000380                __aeabi_drsub
                0x08000388                __aeabi_dsub
                0x08000388                __subdf3
                0x0800038c                __aeabi_dadd
                0x0800038c                __adddf3
                0x08000604                __floatunsidf
                0x08000604                __aeabi_ui2d
                0x08000624                __floatsidf
                0x08000624                __aeabi_i2d
                0x08000648                __aeabi_f2d
                0x08000648                __extendsfdf2
                0x0800068c                __floatundidf
                0x0800068c                __aeabi_ul2d
                0x0800069c                __floatdidf
                0x0800069c                __aeabi_l2d
 .text          0x080006f8       0x30 f:/0_career/0_skill_stack/hardware/0_embedded_sys_dev/1_mcu_dev/0_mcu_stm32/project/win-dev-tools/gcc-arm-none-eabi/bin/../lib/gcc/arm-none-eabi/10.3.1/thumb/v7e-m+dp/hard\libgcc.a(_aeabi_uldivmod.o)
                0x080006f8                __aeabi_uldivmod
 .text          0x08000728       0x30 f:/0_career/0_skill_stack/hardware/0_embedded_sys_dev/1_mcu_dev/0_mcu_stm32/project/win-dev-tools/gcc-arm-none-eabi/bin/../lib/gcc/arm-none-eabi/10.3.1/thumb/v7e-m+dp/hard\libgcc.a(_fixdfdi.o)
                0x08000728                __fixdfdi
                0x08000728                __aeabi_d2lz
 .text          0x08000758       0x40 f:/0_career/0_skill_stack/hardware/0_embedded_sys_dev/1_mcu_dev/0_mcu_stm32/project/win-dev-tools/gcc-arm-none-eabi/bin/../lib/gcc/arm-none-eabi/10.3.1/thumb/v7e-m+dp/hard\libgcc.a(_fixunsdfdi.o)
                0x08000758                __fixunsdfdi
                0x08000758                __aeabi_d2ulz
 .text          0x08000798      0x2d0 f:/0_career/0_skill_stack/hardware/0_embedded_sys_dev/1_mcu_dev/0_mcu_stm32/project/win-dev-tools/gcc-arm-none-eabi/bin/../lib/gcc/arm-none-eabi/10.3.1/thumb/v7e-m+dp/hard\libgcc.a(_udivmoddi4.o)
                0x08000798                __udivmoddi4
 .text          0x08000a68        0x4 f:/0_career/0_skill_stack/hardware/0_embedded_sys_dev/1_mcu_dev/0_mcu_stm32/project/win-dev-tools/gcc-arm-none-eabi/bin/../lib/gcc/arm-none-eabi/10.3.1/thumb/v7e-m+dp/hard\libgcc.a(_dvmd_tls.o)
                0x08000a68                __aeabi_idiv0
                0x08000a68                __aeabi_ldiv0
 *(.text*)
 .text.MPU_Config
                0x08000a6c       0x52 build/main.o
 *fill*         0x08000abe        0x2 
 .text.SWD_Init
                0x08000ac0       0x90 build/main.o
                0x08000ac0                SWD_Init
 .text.Error_Handler
                0x08000b50        0x4 build/main.o
                0x08000b50                Error_Handler
 .text.SystemClock_Config
                0x08000b54       0xa8 build/main.o
                0x08000b54                SystemClock_Config
 .text.main     0x08000bfc       0x3c build/main.o
                0x08000bfc                main
 .text.MX_GPIO_Init
                0x08000c38       0xb8 build/gpio.o
                0x08000c38                MX_GPIO_Init
 .text.NMI_Handler
                0x08000cf0        0x2 build/stm32h7xx_it.o
                0x08000cf0                NMI_Handler
 .text.HardFault_Handler
                0x08000cf2        0x2 build/stm32h7xx_it.o
                0x08000cf2                HardFault_Handler
 .text.MemManage_Handler
                0x08000cf4        0x2 build/stm32h7xx_it.o
                0x08000cf4                MemManage_Handler
 .text.BusFault_Handler
                0x08000cf6        0x2 build/stm32h7xx_it.o
                0x08000cf6                BusFault_Handler
 .text.UsageFault_Handler
                0x08000cf8        0x2 build/stm32h7xx_it.o
                0x08000cf8                UsageFault_Handler
 .text.SVC_Handler
                0x08000cfa        0x2 build/stm32h7xx_it.o
                0x08000cfa                SVC_Handler
 .text.DebugMon_Handler
                0x08000cfc        0x2 build/stm32h7xx_it.o
                0x08000cfc                DebugMon_Handler
 .text.PendSV_Handler
                0x08000cfe        0x2 build/stm32h7xx_it.o
                0x08000cfe                PendSV_Handler
 .text.SysTick_Handler
                0x08000d00        0x8 build/stm32h7xx_it.o
                0x08000d00                SysTick_Handler
 .text.HAL_MspInit
                0x08000d08       0x24 build/stm32h7xx_hal_msp.o
                0x08000d08                HAL_MspInit
 .text.HAL_NVIC_SetPriorityGrouping
                0x08000d2c       0x24 build/stm32h7xx_hal_cortex.o
                0x08000d2c                HAL_NVIC_SetPriorityGrouping
 .text.HAL_NVIC_SetPriority
                0x08000d50       0x6c build/stm32h7xx_hal_cortex.o
                0x08000d50                HAL_NVIC_SetPriority
 .text.HAL_SYSTICK_Config
                0x08000dbc       0x28 build/stm32h7xx_hal_cortex.o
                0x08000dbc                HAL_SYSTICK_Config
 .text.HAL_MPU_Disable
                0x08000de4       0x1c build/stm32h7xx_hal_cortex.o
                0x08000de4                HAL_MPU_Disable
 .text.HAL_MPU_Enable
                0x08000e00       0x20 build/stm32h7xx_hal_cortex.o
                0x08000e00                HAL_MPU_Enable
 .text.HAL_MPU_ConfigRegion
                0x08000e20       0x58 build/stm32h7xx_hal_cortex.o
                0x08000e20                HAL_MPU_ConfigRegion
 .text.HAL_RCC_OscConfig
                0x08000e78      0x5ec build/stm32h7xx_hal_rcc.o
                0x08000e78                HAL_RCC_OscConfig
 .text.HAL_RCC_GetSysClockFreq
                0x08001464      0x1f4 build/stm32h7xx_hal_rcc.o
                0x08001464                HAL_RCC_GetSysClockFreq
 .text.HAL_RCC_ClockConfig
                0x08001658      0x294 build/stm32h7xx_hal_rcc.o
                0x08001658                HAL_RCC_ClockConfig
 .text.HAL_GPIO_Init
                0x080018ec      0x214 build/stm32h7xx_hal_gpio.o
                0x080018ec                HAL_GPIO_Init
 .text.HAL_GPIO_WritePin
                0x08001b00        0xc build/stm32h7xx_hal_gpio.o
                0x08001b00                HAL_GPIO_WritePin
 .text.HAL_GPIO_TogglePin
                0x08001b0c       0x12 build/stm32h7xx_hal_gpio.o
                0x08001b0c                HAL_GPIO_TogglePin
 *fill*         0x08001b1e        0x2 
 .text.HAL_PWREx_ConfigSupply
                0x08001b20       0x54 build/stm32h7xx_hal_pwr_ex.o
                0x08001b20                HAL_PWREx_ConfigSupply
 .text.HAL_InitTick
                0x08001b74       0x50 build/stm32h7xx_hal.o
                0x08001b74                HAL_InitTick
 .text.HAL_Init
                0x08001bc4       0x5c build/stm32h7xx_hal.o
                0x08001bc4                HAL_Init
 .text.HAL_IncTick
                0x08001c20       0x18 build/stm32h7xx_hal.o
                0x08001c20                HAL_IncTick
 .text.HAL_GetTick
                0x08001c38        0xc build/stm32h7xx_hal.o
                0x08001c38                HAL_GetTick
 .text.HAL_Delay
                0x08001c44       0x28 build/stm32h7xx_hal.o
                0x08001c44                HAL_Delay
 .text.SystemInit
                0x08001c6c       0xd0 build/system_stm32h7xx.o
                0x08001c6c                SystemInit
 .text.ExitRun0Mode
                0x08001d3c       0x1c build/system_stm32h7xx.o
                0x08001d3c                ExitRun0Mode
 .text._out_null
                0x08001d58        0x2 build/printf.o
 .text._atoi    0x08001d5a       0x24 build/printf.o
 .text._out_rev
                0x08001d7e       0x7e build/printf.o
 .text._ntoa_format
                0x08001dfc      0x122 build/printf.o
 .text._ntoa_long
                0x08001f1e       0x9c build/printf.o
 .text._ntoa_long_long
                0x08001fba       0xd2 build/printf.o
 *fill*         0x0800208c        0x4 
 .text._etoa    0x08002090      0x2d0 build/printf.o
 .text._ftoa    0x08002360      0x31c build/printf.o
 .text._vsnprintf
                0x0800267c      0x67c build/printf.o
 .text._putchar
                0x08002cf8       0x32 build/printf.o
                0x08002cf8                _putchar
 .text._out_char
                0x08002d2a        0xc build/printf.o
 *fill*         0x08002d36        0x2 
 .text.printf_  0x08002d38       0x2c build/printf.o
                0x08002d38                printf_
 .text._getpid  0x08002d64        0x4 build/syscalls.o
                0x08002d64                _getpid
 .text._kill    0x08002d68       0x10 build/syscalls.o
                0x08002d68                _kill
 .text._exit    0x08002d78        0xc build/syscalls.o
                0x08002d78                _exit
 .text._read    0x08002d84       0x20 build/syscalls.o
                0x08002d84                _read
 .text._write   0x08002da4       0x1c build/syscalls.o
                0x08002da4                _write
 .text._sbrk    0x08002dc0       0x3c build/syscalls.o
                0x08002dc0                _sbrk
 .text._close   0x08002dfc        0x6 build/syscalls.o
                0x08002dfc                _close
 .text._fstat   0x08002e02        0xa build/syscalls.o
                0x08002e02                _fstat
 .text._isatty  0x08002e0c        0x4 build/syscalls.o
                0x08002e0c                _isatty
 .text._lseek   0x08002e10        0x4 build/syscalls.o
                0x08002e10                _lseek
 .text.Reset_Handler
                0x08002e14       0x54 build/startup_stm32h723xx.o
                0x08002e14                Reset_Handler
 .text.Default_Handler
                0x08002e68        0x2 build/startup_stm32h723xx.o
                0x08002e68                RTC_Alarm_IRQHandler
                0x08002e68                EXTI2_IRQHandler
                0x08002e68                TIM8_CC_IRQHandler
                0x08002e68                UART8_IRQHandler
                0x08002e68                SPI4_IRQHandler
                0x08002e68                FDCAN3_IT0_IRQHandler
                0x08002e68                TIM1_CC_IRQHandler
                0x08002e68                BDMA_Channel6_IRQHandler
                0x08002e68                DMA2_Stream5_IRQHandler
                0x08002e68                DMA1_Stream5_IRQHandler
                0x08002e68                CORDIC_IRQHandler
                0x08002e68                BDMA_Channel1_IRQHandler
                0x08002e68                TAMP_STAMP_IRQHandler
                0x08002e68                EXTI3_IRQHandler
                0x08002e68                LPTIM4_IRQHandler
                0x08002e68                TIM8_TRG_COM_TIM14_IRQHandler
                0x08002e68                LPTIM2_IRQHandler
                0x08002e68                DFSDM1_FLT1_IRQHandler
                0x08002e68                DMAMUX2_OVR_IRQHandler
                0x08002e68                TIM8_UP_TIM13_IRQHandler
                0x08002e68                I2C3_ER_IRQHandler
                0x08002e68                DFSDM1_FLT2_IRQHandler
                0x08002e68                I2C5_EV_IRQHandler
                0x08002e68                USART10_IRQHandler
                0x08002e68                MDMA_IRQHandler
                0x08002e68                LPTIM3_IRQHandler
                0x08002e68                HSEM1_IRQHandler
                0x08002e68                EXTI0_IRQHandler
                0x08002e68                I2C2_EV_IRQHandler
                0x08002e68                DMA1_Stream2_IRQHandler
                0x08002e68                FPU_IRQHandler
                0x08002e68                OTG_HS_WKUP_IRQHandler
                0x08002e68                FDCAN1_IT1_IRQHandler
                0x08002e68                LTDC_ER_IRQHandler
                0x08002e68                DMA2_Stream2_IRQHandler
                0x08002e68                SPI1_IRQHandler
                0x08002e68                OCTOSPI1_IRQHandler
                0x08002e68                TIM6_DAC_IRQHandler
                0x08002e68                DMA2_Stream3_IRQHandler
                0x08002e68                OCTOSPI2_IRQHandler
                0x08002e68                DFSDM1_FLT3_IRQHandler
                0x08002e68                TIM23_IRQHandler
                0x08002e68                USART6_IRQHandler
                0x08002e68                TIM17_IRQHandler
                0x08002e68                USART3_IRQHandler
                0x08002e68                BDMA_Channel7_IRQHandler
                0x08002e68                LPTIM5_IRQHandler
                0x08002e68                UART5_IRQHandler
                0x08002e68                ADC3_IRQHandler
                0x08002e68                DMA2_Stream0_IRQHandler
                0x08002e68                TIM4_IRQHandler
                0x08002e68                BDMA_Channel2_IRQHandler
                0x08002e68                I2C1_EV_IRQHandler
                0x08002e68                DMA1_Stream6_IRQHandler
                0x08002e68                DMAMUX1_OVR_IRQHandler
                0x08002e68                DMA1_Stream1_IRQHandler
                0x08002e68                TIM16_IRQHandler
                0x08002e68                UART4_IRQHandler
                0x08002e68                BDMA_Channel5_IRQHandler
                0x08002e68                TIM3_IRQHandler
                0x08002e68                RCC_IRQHandler
                0x08002e68                UART9_IRQHandler
                0x08002e68                TIM8_BRK_TIM12_IRQHandler
                0x08002e68                TIM1_TRG_COM_IRQHandler
                0x08002e68                Default_Handler
                0x08002e68                ECC_IRQHandler
                0x08002e68                FMAC_IRQHandler
                0x08002e68                CEC_IRQHandler
                0x08002e68                EXTI15_10_IRQHandler
                0x08002e68                BDMA_Channel0_IRQHandler
                0x08002e68                ADC_IRQHandler
                0x08002e68                I2C5_ER_IRQHandler
                0x08002e68                DMA1_Stream7_IRQHandler
                0x08002e68                SPI5_IRQHandler
                0x08002e68                TIM7_IRQHandler
                0x08002e68                FDCAN3_IT1_IRQHandler
                0x08002e68                SDMMC1_IRQHandler
                0x08002e68                TIM5_IRQHandler
                0x08002e68                DMA2_Stream7_IRQHandler
                0x08002e68                TIM15_IRQHandler
                0x08002e68                PVD_AVD_IRQHandler
                0x08002e68                I2C3_EV_IRQHandler
                0x08002e68                EXTI9_5_IRQHandler
                0x08002e68                RTC_WKUP_IRQHandler
                0x08002e68                LTDC_IRQHandler
                0x08002e68                ETH_WKUP_IRQHandler
                0x08002e68                SPDIF_RX_IRQHandler
                0x08002e68                SPI2_IRQHandler
                0x08002e68                OTG_HS_EP1_IN_IRQHandler
                0x08002e68                DMA1_Stream0_IRQHandler
                0x08002e68                TIM24_IRQHandler
                0x08002e68                CRS_IRQHandler
                0x08002e68                EXTI4_IRQHandler
                0x08002e68                RNG_IRQHandler
                0x08002e68                FDCAN2_IT1_IRQHandler
                0x08002e68                ETH_IRQHandler
                0x08002e68                TIM1_UP_IRQHandler
                0x08002e68                BDMA_Channel4_IRQHandler
                0x08002e68                OTG_HS_EP1_OUT_IRQHandler
                0x08002e68                WWDG_IRQHandler
                0x08002e68                SPI6_IRQHandler
                0x08002e68                MDIOS_IRQHandler
                0x08002e68                I2C4_EV_IRQHandler
                0x08002e68                FDCAN2_IT0_IRQHandler
                0x08002e68                LPUART1_IRQHandler
                0x08002e68                FDCAN1_IT0_IRQHandler
                0x08002e68                TIM2_IRQHandler
                0x08002e68                OTG_HS_IRQHandler
                0x08002e68                DMA2D_IRQHandler
                0x08002e68                TIM1_BRK_IRQHandler
                0x08002e68                EXTI1_IRQHandler
                0x08002e68                SDMMC2_IRQHandler
                0x08002e68                BDMA_Channel3_IRQHandler
                0x08002e68                DTS_IRQHandler
                0x08002e68                UART7_IRQHandler
                0x08002e68                MDIOS_WKUP_IRQHandler
                0x08002e68                USART2_IRQHandler
                0x08002e68                DFSDM1_FLT0_IRQHandler
                0x08002e68                SAI4_IRQHandler
                0x08002e68                I2C2_ER_IRQHandler
                0x08002e68                DMA2_Stream1_IRQHandler
                0x08002e68                FLASH_IRQHandler
                0x08002e68                DMA2_Stream4_IRQHandler
                0x08002e68                USART1_IRQHandler
                0x08002e68                SPI3_IRQHandler
                0x08002e68                WAKEUP_PIN_IRQHandler
                0x08002e68                DMA1_Stream4_IRQHandler
                0x08002e68                I2C1_ER_IRQHandler
                0x08002e68                FMC_IRQHandler
                0x08002e68                FDCAN_CAL_IRQHandler
                0x08002e68                SWPMI1_IRQHandler
                0x08002e68                COMP1_IRQHandler
                0x08002e68                LPTIM1_IRQHandler
                0x08002e68                DCMI_PSSI_IRQHandler
                0x08002e68                I2C4_ER_IRQHandler
                0x08002e68                DMA2_Stream6_IRQHandler
                0x08002e68                SAI1_IRQHandler
                0x08002e68                DMA1_Stream3_IRQHandler
 *fill*         0x08002e6a        0x2 
 .text.__errno  0x08002e6c        0xc f:/0_career/0_skill_stack/hardware/0_embedded_sys_dev/1_mcu_dev/0_mcu_stm32/project/win-dev-tools/gcc-arm-none-eabi/bin/../lib/gcc/arm-none-eabi/10.3.1/../../../../arm-none-eabi/lib/thumb/v7e-m+dp/hard\libc_nano.a(lib_a-errno.o)
                0x08002e6c                __errno
 .text.__libc_init_array
                0x08002e78       0x48 f:/0_career/0_skill_stack/hardware/0_embedded_sys_dev/1_mcu_dev/0_mcu_stm32/project/win-dev-tools/gcc-arm-none-eabi/bin/../lib/gcc/arm-none-eabi/10.3.1/../../../../arm-none-eabi/lib/thumb/v7e-m+dp/hard\libc_nano.a(lib_a-init.o)
                0x08002e78                __libc_init_array
 .text.memset   0x08002ec0       0x10 f:/0_career/0_skill_stack/hardware/0_embedded_sys_dev/1_mcu_dev/0_mcu_stm32/project/win-dev-tools/gcc-arm-none-eabi/bin/../lib/gcc/arm-none-eabi/10.3.1/../../../../arm-none-eabi/lib/thumb/v7e-m+dp/hard\libc_nano.a(lib_a-memset.o)
                0x08002ec0                memset
 .text.__cvt    0x08002ed0       0xa4 f:/0_career/0_skill_stack/hardware/0_embedded_sys_dev/1_mcu_dev/0_mcu_stm32/project/win-dev-tools/gcc-arm-none-eabi/bin/../lib/gcc/arm-none-eabi/10.3.1/../../../../arm-none-eabi/lib/thumb/v7e-m+dp/hard\libc_nano.a(lib_a-nano-vfprintf_float.o)
                0x08002ed0                __cvt
 .text.__exponent
                0x08002f74       0x7c f:/0_career/0_skill_stack/hardware/0_embedded_sys_dev/1_mcu_dev/0_mcu_stm32/project/win-dev-tools/gcc-arm-none-eabi/bin/../lib/gcc/arm-none-eabi/10.3.1/../../../../arm-none-eabi/lib/thumb/v7e-m+dp/hard\libc_nano.a(lib_a-nano-vfprintf_float.o)
                0x08002f74                __exponent
 .text._printf_float
                0x08002ff0      0x43c f:/0_career/0_skill_stack/hardware/0_embedded_sys_dev/1_mcu_dev/0_mcu_stm32/project/win-dev-tools/gcc-arm-none-eabi/bin/../lib/gcc/arm-none-eabi/10.3.1/../../../../arm-none-eabi/lib/thumb/v7e-m+dp/hard\libc_nano.a(lib_a-nano-vfprintf_float.o)
                0x08002ff0                _printf_float
 .text._printf_common
                0x0800342c       0xda f:/0_career/0_skill_stack/hardware/0_embedded_sys_dev/1_mcu_dev/0_mcu_stm32/project/win-dev-tools/gcc-arm-none-eabi/bin/../lib/gcc/arm-none-eabi/10.3.1/../../../../arm-none-eabi/lib/thumb/v7e-m+dp/hard\libc_nano.a(lib_a-nano-vfprintf_i.o)
                0x0800342c                _printf_common
 *fill*         0x08003506        0x2 
 .text._printf_i
                0x08003508      0x24c f:/0_career/0_skill_stack/hardware/0_embedded_sys_dev/1_mcu_dev/0_mcu_stm32/project/win-dev-tools/gcc-arm-none-eabi/bin/../lib/gcc/arm-none-eabi/10.3.1/../../../../arm-none-eabi/lib/thumb/v7e-m+dp/hard\libc_nano.a(lib_a-nano-vfprintf_i.o)
                0x08003508                _printf_i
 .text._scanf_float
                0x08003754      0x40c f:/0_career/0_skill_stack/hardware/0_embedded_sys_dev/1_mcu_dev/0_mcu_stm32/project/win-dev-tools/gcc-arm-none-eabi/bin/../lib/gcc/arm-none-eabi/10.3.1/../../../../arm-none-eabi/lib/thumb/v7e-m+dp/hard\libc_nano.a(lib_a-nano-vfscanf_float.o)
                0x08003754                _scanf_float
 .text.nanf     0x08003b60        0xc f:/0_career/0_skill_stack/hardware/0_embedded_sys_dev/1_mcu_dev/0_mcu_stm32/project/win-dev-tools/gcc-arm-none-eabi/bin/../lib/gcc/arm-none-eabi/10.3.1/../../../../arm-none-eabi/lib/thumb/v7e-m+dp/hard\libc_nano.a(lib_a-sf_nan.o)
                0x08003b60                nanf
 .text.sprintf  0x08003b6c       0x40 f:/0_career/0_skill_stack/hardware/0_embedded_sys_dev/1_mcu_dev/0_mcu_stm32/project/win-dev-tools/gcc-arm-none-eabi/bin/../lib/gcc/arm-none-eabi/10.3.1/../../../../arm-none-eabi/lib/thumb/v7e-m+dp/hard\libc_nano.a(lib_a-sprintf.o)
                0x08003b6c                siprintf
                0x08003b6c                sprintf
 .text.sulp     0x08003bac       0x34 f:/0_career/0_skill_stack/hardware/0_embedded_sys_dev/1_mcu_dev/0_mcu_stm32/project/win-dev-tools/gcc-arm-none-eabi/bin/../lib/gcc/arm-none-eabi/10.3.1/../../../../arm-none-eabi/lib/thumb/v7e-m+dp/hard\libc_nano.a(lib_a-strtod.o)
 .text._strtod_l
                0x08003be0      0xb6c f:/0_career/0_skill_stack/hardware/0_embedded_sys_dev/1_mcu_dev/0_mcu_stm32/project/win-dev-tools/gcc-arm-none-eabi/bin/../lib/gcc/arm-none-eabi/10.3.1/../../../../arm-none-eabi/lib/thumb/v7e-m+dp/hard\libc_nano.a(lib_a-strtod.o)
                0x08003be0                _strtod_l
 .text._strtod_r
                0x0800474c        0xc f:/0_career/0_skill_stack/hardware/0_embedded_sys_dev/1_mcu_dev/0_mcu_stm32/project/win-dev-tools/gcc-arm-none-eabi/bin/../lib/gcc/arm-none-eabi/10.3.1/../../../../arm-none-eabi/lib/thumb/v7e-m+dp/hard\libc_nano.a(lib_a-strtod.o)
                0x0800474c                _strtod_r
 .text._strtol_l.constprop.0
                0x08004758      0x104 f:/0_career/0_skill_stack/hardware/0_embedded_sys_dev/1_mcu_dev/0_mcu_stm32/project/win-dev-tools/gcc-arm-none-eabi/bin/../lib/gcc/arm-none-eabi/10.3.1/../../../../arm-none-eabi/lib/thumb/v7e-m+dp/hard\libc_nano.a(lib_a-strtol.o)
 .text._strtol_r
                0x0800485c        0x4 f:/0_career/0_skill_stack/hardware/0_embedded_sys_dev/1_mcu_dev/0_mcu_stm32/project/win-dev-tools/gcc-arm-none-eabi/bin/../lib/gcc/arm-none-eabi/10.3.1/../../../../arm-none-eabi/lib/thumb/v7e-m+dp/hard\libc_nano.a(lib_a-strtol.o)
                0x0800485c                _strtol_r
 .text.quorem   0x08004860      0x116 f:/0_career/0_skill_stack/hardware/0_embedded_sys_dev/1_mcu_dev/0_mcu_stm32/project/win-dev-tools/gcc-arm-none-eabi/bin/../lib/gcc/arm-none-eabi/10.3.1/../../../../arm-none-eabi/lib/thumb/v7e-m+dp/hard\libc_nano.a(lib_a-dtoa.o)
 *fill*         0x08004976        0x2 
 .text._dtoa_r  0x08004978      0xadc f:/0_career/0_skill_stack/hardware/0_embedded_sys_dev/1_mcu_dev/0_mcu_stm32/project/win-dev-tools/gcc-arm-none-eabi/bin/../lib/gcc/arm-none-eabi/10.3.1/../../../../arm-none-eabi/lib/thumb/v7e-m+dp/hard\libc_nano.a(lib_a-dtoa.o)
                0x08004978                _dtoa_r
 .text.rshift   0x08005454       0xa4 f:/0_career/0_skill_stack/hardware/0_embedded_sys_dev/1_mcu_dev/0_mcu_stm32/project/win-dev-tools/gcc-arm-none-eabi/bin/../lib/gcc/arm-none-eabi/10.3.1/../../../../arm-none-eabi/lib/thumb/v7e-m+dp/hard\libc_nano.a(lib_a-gdtoa-gethex.o)
 .text.__hexdig_fun
                0x080054f8       0x2a f:/0_career/0_skill_stack/hardware/0_embedded_sys_dev/1_mcu_dev/0_mcu_stm32/project/win-dev-tools/gcc-arm-none-eabi/bin/../lib/gcc/arm-none-eabi/10.3.1/../../../../arm-none-eabi/lib/thumb/v7e-m+dp/hard\libc_nano.a(lib_a-gdtoa-gethex.o)
                0x080054f8                __hexdig_fun
 *fill*         0x08005522        0x2 
 .text.__gethex
                0x08005524      0x48c f:/0_career/0_skill_stack/hardware/0_embedded_sys_dev/1_mcu_dev/0_mcu_stm32/project/win-dev-tools/gcc-arm-none-eabi/bin/../lib/gcc/arm-none-eabi/10.3.1/../../../../arm-none-eabi/lib/thumb/v7e-m+dp/hard\libc_nano.a(lib_a-gdtoa-gethex.o)
                0x08005524                __gethex
 .text.L_shift  0x080059b0       0x24 f:/0_career/0_skill_stack/hardware/0_embedded_sys_dev/1_mcu_dev/0_mcu_stm32/project/win-dev-tools/gcc-arm-none-eabi/bin/../lib/gcc/arm-none-eabi/10.3.1/../../../../arm-none-eabi/lib/thumb/v7e-m+dp/hard\libc_nano.a(lib_a-gdtoa-hexnan.o)
 .text.__match  0x080059d4       0x28 f:/0_career/0_skill_stack/hardware/0_embedded_sys_dev/1_mcu_dev/0_mcu_stm32/project/win-dev-tools/gcc-arm-none-eabi/bin/../lib/gcc/arm-none-eabi/10.3.1/../../../../arm-none-eabi/lib/thumb/v7e-m+dp/hard\libc_nano.a(lib_a-gdtoa-hexnan.o)
                0x080059d4                __match
 .text.__hexnan
                0x080059fc      0x138 f:/0_career/0_skill_stack/hardware/0_embedded_sys_dev/1_mcu_dev/0_mcu_stm32/project/win-dev-tools/gcc-arm-none-eabi/bin/../lib/gcc/arm-none-eabi/10.3.1/../../../../arm-none-eabi/lib/thumb/v7e-m+dp/hard\libc_nano.a(lib_a-gdtoa-hexnan.o)
                0x080059fc                __hexnan
 .text._localeconv_r
                0x08005b34        0x8 f:/0_career/0_skill_stack/hardware/0_embedded_sys_dev/1_mcu_dev/0_mcu_stm32/project/win-dev-tools/gcc-arm-none-eabi/bin/../lib/gcc/arm-none-eabi/10.3.1/../../../../arm-none-eabi/lib/thumb/v7e-m+dp/hard\libc_nano.a(lib_a-localeconv.o)
                0x08005b34                _localeconv_r
 .text.malloc   0x08005b3c       0x10 f:/0_career/0_skill_stack/hardware/0_embedded_sys_dev/1_mcu_dev/0_mcu_stm32/project/win-dev-tools/gcc-arm-none-eabi/bin/../lib/gcc/arm-none-eabi/10.3.1/../../../../arm-none-eabi/lib/thumb/v7e-m+dp/hard\libc_nano.a(lib_a-malloc.o)
                0x08005b3c                malloc
 .text.__ascii_mbtowc
                0x08005b4c       0x24 f:/0_career/0_skill_stack/hardware/0_embedded_sys_dev/1_mcu_dev/0_mcu_stm32/project/win-dev-tools/gcc-arm-none-eabi/bin/../lib/gcc/arm-none-eabi/10.3.1/../../../../arm-none-eabi/lib/thumb/v7e-m+dp/hard\libc_nano.a(lib_a-mbtowc_r.o)
                0x08005b4c                __ascii_mbtowc
 .text.memcpy   0x08005b70       0x1c f:/0_career/0_skill_stack/hardware/0_embedded_sys_dev/1_mcu_dev/0_mcu_stm32/project/win-dev-tools/gcc-arm-none-eabi/bin/../lib/gcc/arm-none-eabi/10.3.1/../../../../arm-none-eabi/lib/thumb/v7e-m+dp/hard\libc_nano.a(lib_a-memcpy-stub.o)
                0x08005b70                memcpy
 .text._Balloc  0x08005b8c       0x80 f:/0_career/0_skill_stack/hardware/0_embedded_sys_dev/1_mcu_dev/0_mcu_stm32/project/win-dev-tools/gcc-arm-none-eabi/bin/../lib/gcc/arm-none-eabi/10.3.1/../../../../arm-none-eabi/lib/thumb/v7e-m+dp/hard\libc_nano.a(lib_a-mprec.o)
                0x08005b8c                _Balloc
 .text._Bfree   0x08005c0c       0x44 f:/0_career/0_skill_stack/hardware/0_embedded_sys_dev/1_mcu_dev/0_mcu_stm32/project/win-dev-tools/gcc-arm-none-eabi/bin/../lib/gcc/arm-none-eabi/10.3.1/../../../../arm-none-eabi/lib/thumb/v7e-m+dp/hard\libc_nano.a(lib_a-mprec.o)
                0x08005c0c                _Bfree
 .text.__multadd
                0x08005c50       0x8c f:/0_career/0_skill_stack/hardware/0_embedded_sys_dev/1_mcu_dev/0_mcu_stm32/project/win-dev-tools/gcc-arm-none-eabi/bin/../lib/gcc/arm-none-eabi/10.3.1/../../../../arm-none-eabi/lib/thumb/v7e-m+dp/hard\libc_nano.a(lib_a-mprec.o)
                0x08005c50                __multadd
 .text.__s2b    0x08005cdc       0x94 f:/0_career/0_skill_stack/hardware/0_embedded_sys_dev/1_mcu_dev/0_mcu_stm32/project/win-dev-tools/gcc-arm-none-eabi/bin/../lib/gcc/arm-none-eabi/10.3.1/../../../../arm-none-eabi/lib/thumb/v7e-m+dp/hard\libc_nano.a(lib_a-mprec.o)
                0x08005cdc                __s2b
 .text.__hi0bits
                0x08005d70       0x40 f:/0_career/0_skill_stack/hardware/0_embedded_sys_dev/1_mcu_dev/0_mcu_stm32/project/win-dev-tools/gcc-arm-none-eabi/bin/../lib/gcc/arm-none-eabi/10.3.1/../../../../arm-none-eabi/lib/thumb/v7e-m+dp/hard\libc_nano.a(lib_a-mprec.o)
                0x08005d70                __hi0bits
 .text.__lo0bits
                0x08005db0       0x5e f:/0_career/0_skill_stack/hardware/0_embedded_sys_dev/1_mcu_dev/0_mcu_stm32/project/win-dev-tools/gcc-arm-none-eabi/bin/../lib/gcc/arm-none-eabi/10.3.1/../../../../arm-none-eabi/lib/thumb/v7e-m+dp/hard\libc_nano.a(lib_a-mprec.o)
                0x08005db0                __lo0bits
 *fill*         0x08005e0e        0x2 
 .text.__i2b    0x08005e10       0x2c f:/0_career/0_skill_stack/hardware/0_embedded_sys_dev/1_mcu_dev/0_mcu_stm32/project/win-dev-tools/gcc-arm-none-eabi/bin/../lib/gcc/arm-none-eabi/10.3.1/../../../../arm-none-eabi/lib/thumb/v7e-m+dp/hard\libc_nano.a(lib_a-mprec.o)
                0x08005e10                __i2b
 .text.__multiply
                0x08005e3c      0x154 f:/0_career/0_skill_stack/hardware/0_embedded_sys_dev/1_mcu_dev/0_mcu_stm32/project/win-dev-tools/gcc-arm-none-eabi/bin/../lib/gcc/arm-none-eabi/10.3.1/../../../../arm-none-eabi/lib/thumb/v7e-m+dp/hard\libc_nano.a(lib_a-mprec.o)
                0x08005e3c                __multiply
 .text.__pow5mult
                0x08005f90       0xb4 f:/0_career/0_skill_stack/hardware/0_embedded_sys_dev/1_mcu_dev/0_mcu_stm32/project/win-dev-tools/gcc-arm-none-eabi/bin/../lib/gcc/arm-none-eabi/10.3.1/../../../../arm-none-eabi/lib/thumb/v7e-m+dp/hard\libc_nano.a(lib_a-mprec.o)
                0x08005f90                __pow5mult
 .text.__lshift
                0x08006044       0xe0 f:/0_career/0_skill_stack/hardware/0_embedded_sys_dev/1_mcu_dev/0_mcu_stm32/project/win-dev-tools/gcc-arm-none-eabi/bin/../lib/gcc/arm-none-eabi/10.3.1/../../../../arm-none-eabi/lib/thumb/v7e-m+dp/hard\libc_nano.a(lib_a-mprec.o)
                0x08006044                __lshift
 .text.__mcmp   0x08006124       0x38 f:/0_career/0_skill_stack/hardware/0_embedded_sys_dev/1_mcu_dev/0_mcu_stm32/project/win-dev-tools/gcc-arm-none-eabi/bin/../lib/gcc/arm-none-eabi/10.3.1/../../../../arm-none-eabi/lib/thumb/v7e-m+dp/hard\libc_nano.a(lib_a-mprec.o)
                0x08006124                __mcmp
 .text.__mdiff  0x0800615c      0x114 f:/0_career/0_skill_stack/hardware/0_embedded_sys_dev/1_mcu_dev/0_mcu_stm32/project/win-dev-tools/gcc-arm-none-eabi/bin/../lib/gcc/arm-none-eabi/10.3.1/../../../../arm-none-eabi/lib/thumb/v7e-m+dp/hard\libc_nano.a(lib_a-mprec.o)
                0x0800615c                __mdiff
 .text.__ulp    0x08006270       0x58 f:/0_career/0_skill_stack/hardware/0_embedded_sys_dev/1_mcu_dev/0_mcu_stm32/project/win-dev-tools/gcc-arm-none-eabi/bin/../lib/gcc/arm-none-eabi/10.3.1/../../../../arm-none-eabi/lib/thumb/v7e-m+dp/hard\libc_nano.a(lib_a-mprec.o)
                0x08006270                __ulp
 .text.__b2d    0x080062c8       0xa0 f:/0_career/0_skill_stack/hardware/0_embedded_sys_dev/1_mcu_dev/0_mcu_stm32/project/win-dev-tools/gcc-arm-none-eabi/bin/../lib/gcc/arm-none-eabi/10.3.1/../../../../arm-none-eabi/lib/thumb/v7e-m+dp/hard\libc_nano.a(lib_a-mprec.o)
                0x080062c8                __b2d
 .text.__d2b    0x08006368       0xb8 f:/0_career/0_skill_stack/hardware/0_embedded_sys_dev/1_mcu_dev/0_mcu_stm32/project/win-dev-tools/gcc-arm-none-eabi/bin/../lib/gcc/arm-none-eabi/10.3.1/../../../../arm-none-eabi/lib/thumb/v7e-m+dp/hard\libc_nano.a(lib_a-mprec.o)
                0x08006368                __d2b
 .text.__ratio  0x08006420       0x60 f:/0_career/0_skill_stack/hardware/0_embedded_sys_dev/1_mcu_dev/0_mcu_stm32/project/win-dev-tools/gcc-arm-none-eabi/bin/../lib/gcc/arm-none-eabi/10.3.1/../../../../arm-none-eabi/lib/thumb/v7e-m+dp/hard\libc_nano.a(lib_a-mprec.o)
                0x08006420                __ratio
 .text.__copybits
                0x08006480       0x46 f:/0_career/0_skill_stack/hardware/0_embedded_sys_dev/1_mcu_dev/0_mcu_stm32/project/win-dev-tools/gcc-arm-none-eabi/bin/../lib/gcc/arm-none-eabi/10.3.1/../../../../arm-none-eabi/lib/thumb/v7e-m+dp/hard\libc_nano.a(lib_a-mprec.o)
                0x08006480                __copybits
 .text.__any_on
                0x080064c6       0x42 f:/0_career/0_skill_stack/hardware/0_embedded_sys_dev/1_mcu_dev/0_mcu_stm32/project/win-dev-tools/gcc-arm-none-eabi/bin/../lib/gcc/arm-none-eabi/10.3.1/../../../../arm-none-eabi/lib/thumb/v7e-m+dp/hard\libc_nano.a(lib_a-mprec.o)
                0x080064c6                __any_on
 .text._calloc_r
                0x08006508       0x2c f:/0_career/0_skill_stack/hardware/0_embedded_sys_dev/1_mcu_dev/0_mcu_stm32/project/win-dev-tools/gcc-arm-none-eabi/bin/../lib/gcc/arm-none-eabi/10.3.1/../../../../arm-none-eabi/lib/thumb/v7e-m+dp/hard\libc_nano.a(lib_a-nano-callocr.o)
                0x08006508                _calloc_r
 .text._free_r  0x08006534       0x98 f:/0_career/0_skill_stack/hardware/0_embedded_sys_dev/1_mcu_dev/0_mcu_stm32/project/win-dev-tools/gcc-arm-none-eabi/bin/../lib/gcc/arm-none-eabi/10.3.1/../../../../arm-none-eabi/lib/thumb/v7e-m+dp/hard\libc_nano.a(lib_a-nano-freer.o)
                0x08006534                _free_r
 .text.sbrk_aligned
                0x080065cc       0x40 f:/0_career/0_skill_stack/hardware/0_embedded_sys_dev/1_mcu_dev/0_mcu_stm32/project/win-dev-tools/gcc-arm-none-eabi/bin/../lib/gcc/arm-none-eabi/10.3.1/../../../../arm-none-eabi/lib/thumb/v7e-m+dp/hard\libc_nano.a(lib_a-nano-mallocr.o)
 .text._malloc_r
                0x0800660c       0xe8 f:/0_career/0_skill_stack/hardware/0_embedded_sys_dev/1_mcu_dev/0_mcu_stm32/project/win-dev-tools/gcc-arm-none-eabi/bin/../lib/gcc/arm-none-eabi/10.3.1/../../../../arm-none-eabi/lib/thumb/v7e-m+dp/hard\libc_nano.a(lib_a-nano-mallocr.o)
                0x0800660c                _malloc_r
 .text.__ssputs_r
                0x080066f4       0xb6 f:/0_career/0_skill_stack/hardware/0_embedded_sys_dev/1_mcu_dev/0_mcu_stm32/project/win-dev-tools/gcc-arm-none-eabi/bin/../lib/gcc/arm-none-eabi/10.3.1/../../../../arm-none-eabi/lib/thumb/v7e-m+dp/hard\libc_nano.a(lib_a-nano-svfprintf.o)
                0x080066f4                __ssputs_r
 *fill*         0x080067aa        0x2 
 .text._svfprintf_r
                0x080067ac      0x200 f:/0_career/0_skill_stack/hardware/0_embedded_sys_dev/1_mcu_dev/0_mcu_stm32/project/win-dev-tools/gcc-arm-none-eabi/bin/../lib/gcc/arm-none-eabi/10.3.1/../../../../arm-none-eabi/lib/thumb/v7e-m+dp/hard\libc_nano.a(lib_a-nano-svfprintf.o)
                0x080067ac                _svfiprintf_r
                0x080067ac                _svfprintf_r
 *fill*         0x080069ac        0x4 
 .text.nan      0x080069b0       0x10 f:/0_career/0_skill_stack/hardware/0_embedded_sys_dev/1_mcu_dev/0_mcu_stm32/project/win-dev-tools/gcc-arm-none-eabi/bin/../lib/gcc/arm-none-eabi/10.3.1/../../../../arm-none-eabi/lib/thumb/v7e-m+dp/hard\libc_nano.a(lib_a-s_nan.o)
                0x080069b0                nan
 .text._sbrk_r  0x080069c0       0x20 f:/0_career/0_skill_stack/hardware/0_embedded_sys_dev/1_mcu_dev/0_mcu_stm32/project/win-dev-tools/gcc-arm-none-eabi/bin/../lib/gcc/arm-none-eabi/10.3.1/../../../../arm-none-eabi/lib/thumb/v7e-m+dp/hard\libc_nano.a(lib_a-sbrkr.o)
                0x080069c0                _sbrk_r
 .text.strncmp  0x080069e0       0x28 f:/0_career/0_skill_stack/hardware/0_embedded_sys_dev/1_mcu_dev/0_mcu_stm32/project/win-dev-tools/gcc-arm-none-eabi/bin/../lib/gcc/arm-none-eabi/10.3.1/../../../../arm-none-eabi/lib/thumb/v7e-m+dp/hard\libc_nano.a(lib_a-strncmp.o)
                0x080069e0                strncmp
 .text.__ascii_wctomb
                0x08006a08       0x1a f:/0_career/0_skill_stack/hardware/0_embedded_sys_dev/1_mcu_dev/0_mcu_stm32/project/win-dev-tools/gcc-arm-none-eabi/bin/../lib/gcc/arm-none-eabi/10.3.1/../../../../arm-none-eabi/lib/thumb/v7e-m+dp/hard\libc_nano.a(lib_a-wctomb_r.o)
                0x08006a08                __ascii_wctomb
 *fill*         0x08006a22        0x2 
 .text.__assert_func
                0x08006a24       0x3c f:/0_career/0_skill_stack/hardware/0_embedded_sys_dev/1_mcu_dev/0_mcu_stm32/project/win-dev-tools/gcc-arm-none-eabi/bin/../lib/gcc/arm-none-eabi/10.3.1/../../../../arm-none-eabi/lib/thumb/v7e-m+dp/hard\libc_nano.a(lib_a-assert.o)
                0x08006a24                __assert_func
 .text.fprintf  0x08006a60       0x24 f:/0_career/0_skill_stack/hardware/0_embedded_sys_dev/1_mcu_dev/0_mcu_stm32/project/win-dev-tools/gcc-arm-none-eabi/bin/../lib/gcc/arm-none-eabi/10.3.1/../../../../arm-none-eabi/lib/thumb/v7e-m+dp/hard\libc_nano.a(lib_a-fprintf.o)
                0x08006a60                fiprintf
                0x08006a60                fprintf
 .text.memmove  0x08006a84       0x34 f:/0_career/0_skill_stack/hardware/0_embedded_sys_dev/1_mcu_dev/0_mcu_stm32/project/win-dev-tools/gcc-arm-none-eabi/bin/../lib/gcc/arm-none-eabi/10.3.1/../../../../arm-none-eabi/lib/thumb/v7e-m+dp/hard\libc_nano.a(lib_a-memmove.o)
                0x08006a84                memmove
 .text.__malloc_lock
                0x08006ab8        0xc f:/0_career/0_skill_stack/hardware/0_embedded_sys_dev/1_mcu_dev/0_mcu_stm32/project/win-dev-tools/gcc-arm-none-eabi/bin/../lib/gcc/arm-none-eabi/10.3.1/../../../../arm-none-eabi/lib/thumb/v7e-m+dp/hard\libc_nano.a(lib_a-mlock.o)
                0x08006ab8                __malloc_lock
 .text.__malloc_unlock
                0x08006ac4        0xc f:/0_career/0_skill_stack/hardware/0_embedded_sys_dev/1_mcu_dev/0_mcu_stm32/project/win-dev-tools/gcc-arm-none-eabi/bin/../lib/gcc/arm-none-eabi/10.3.1/../../../../arm-none-eabi/lib/thumb/v7e-m+dp/hard\libc_nano.a(lib_a-mlock.o)
                0x08006ac4                __malloc_unlock
 .text._realloc_r
                0x08006ad0       0x5e f:/0_career/0_skill_stack/hardware/0_embedded_sys_dev/1_mcu_dev/0_mcu_stm32/project/win-dev-tools/gcc-arm-none-eabi/bin/../lib/gcc/arm-none-eabi/10.3.1/../../../../arm-none-eabi/lib/thumb/v7e-m+dp/hard\libc_nano.a(lib_a-nano-reallocr.o)
                0x08006ad0                _realloc_r
 .text.__sfputc_r
                0x08006b2e       0x2e f:/0_career/0_skill_stack/hardware/0_embedded_sys_dev/1_mcu_dev/0_mcu_stm32/project/win-dev-tools/gcc-arm-none-eabi/bin/../lib/gcc/arm-none-eabi/10.3.1/../../../../arm-none-eabi/lib/thumb/v7e-m+dp/hard\libc_nano.a(lib_a-nano-vfprintf.o)
 .text.__sfputs_r
                0x08006b5c       0x24 f:/0_career/0_skill_stack/hardware/0_embedded_sys_dev/1_mcu_dev/0_mcu_stm32/project/win-dev-tools/gcc-arm-none-eabi/bin/../lib/gcc/arm-none-eabi/10.3.1/../../../../arm-none-eabi/lib/thumb/v7e-m+dp/hard\libc_nano.a(lib_a-nano-vfprintf.o)
                0x08006b5c                __sfputs_r
 .text._vfprintf_r
                0x08006b80      0x260 f:/0_career/0_skill_stack/hardware/0_embedded_sys_dev/1_mcu_dev/0_mcu_stm32/project/win-dev-tools/gcc-arm-none-eabi/bin/../lib/gcc/arm-none-eabi/10.3.1/../../../../arm-none-eabi/lib/thumb/v7e-m+dp/hard\libc_nano.a(lib_a-nano-vfprintf.o)
                0x08006b80                _vfprintf_r
                0x08006b80                _vfiprintf_r
 .text.__swbuf_r
                0x08006de0       0xa4 f:/0_career/0_skill_stack/hardware/0_embedded_sys_dev/1_mcu_dev/0_mcu_stm32/project/win-dev-tools/gcc-arm-none-eabi/bin/../lib/gcc/arm-none-eabi/10.3.1/../../../../arm-none-eabi/lib/thumb/v7e-m+dp/hard\libc_nano.a(lib_a-wbuf.o)
                0x08006de0                __swbuf_r
 .text.__swsetup_r
                0x08006e84       0xdc f:/0_career/0_skill_stack/hardware/0_embedded_sys_dev/1_mcu_dev/0_mcu_stm32/project/win-dev-tools/gcc-arm-none-eabi/bin/../lib/gcc/arm-none-eabi/10.3.1/../../../../arm-none-eabi/lib/thumb/v7e-m+dp/hard\libc_nano.a(lib_a-wsetup.o)
                0x08006e84                __swsetup_r
 .text.abort    0x08006f60        0xe f:/0_career/0_skill_stack/hardware/0_embedded_sys_dev/1_mcu_dev/0_mcu_stm32/project/win-dev-tools/gcc-arm-none-eabi/bin/../lib/gcc/arm-none-eabi/10.3.1/../../../../arm-none-eabi/lib/thumb/v7e-m+dp/hard\libc_nano.a(lib_a-abort.o)
                0x08006f60                abort
 *fill*         0x08006f6e        0x2 
 .text.__sflush_r
                0x08006f70      0x10c f:/0_career/0_skill_stack/hardware/0_embedded_sys_dev/1_mcu_dev/0_mcu_stm32/project/win-dev-tools/gcc-arm-none-eabi/bin/../lib/gcc/arm-none-eabi/10.3.1/../../../../arm-none-eabi/lib/thumb/v7e-m+dp/hard\libc_nano.a(lib_a-fflush.o)
                0x08006f70                __sflush_r
 .text._fflush_r
                0x0800707c       0x78 f:/0_career/0_skill_stack/hardware/0_embedded_sys_dev/1_mcu_dev/0_mcu_stm32/project/win-dev-tools/gcc-arm-none-eabi/bin/../lib/gcc/arm-none-eabi/10.3.1/../../../../arm-none-eabi/lib/thumb/v7e-m+dp/hard\libc_nano.a(lib_a-fflush.o)
                0x0800707c                _fflush_r
 .text.std      0x080070f4       0x48 f:/0_career/0_skill_stack/hardware/0_embedded_sys_dev/1_mcu_dev/0_mcu_stm32/project/win-dev-tools/gcc-arm-none-eabi/bin/../lib/gcc/arm-none-eabi/10.3.1/../../../../arm-none-eabi/lib/thumb/v7e-m+dp/hard\libc_nano.a(lib_a-findfp.o)
 .text._cleanup_r
                0x0800713c        0xc f:/0_career/0_skill_stack/hardware/0_embedded_sys_dev/1_mcu_dev/0_mcu_stm32/project/win-dev-tools/gcc-arm-none-eabi/bin/../lib/gcc/arm-none-eabi/10.3.1/../../../../arm-none-eabi/lib/thumb/v7e-m+dp/hard\libc_nano.a(lib_a-findfp.o)
                0x0800713c                _cleanup_r
 .text.__sfmoreglue
                0x08007148       0x2c f:/0_career/0_skill_stack/hardware/0_embedded_sys_dev/1_mcu_dev/0_mcu_stm32/project/win-dev-tools/gcc-arm-none-eabi/bin/../lib/gcc/arm-none-eabi/10.3.1/../../../../arm-none-eabi/lib/thumb/v7e-m+dp/hard\libc_nano.a(lib_a-findfp.o)
                0x08007148                __sfmoreglue
 .text.__sfp_lock_acquire
                0x08007174        0xc f:/0_career/0_skill_stack/hardware/0_embedded_sys_dev/1_mcu_dev/0_mcu_stm32/project/win-dev-tools/gcc-arm-none-eabi/bin/../lib/gcc/arm-none-eabi/10.3.1/../../../../arm-none-eabi/lib/thumb/v7e-m+dp/hard\libc_nano.a(lib_a-findfp.o)
                0x08007174                __sfp_lock_acquire
 .text.__sfp_lock_release
                0x08007180        0xc f:/0_career/0_skill_stack/hardware/0_embedded_sys_dev/1_mcu_dev/0_mcu_stm32/project/win-dev-tools/gcc-arm-none-eabi/bin/../lib/gcc/arm-none-eabi/10.3.1/../../../../arm-none-eabi/lib/thumb/v7e-m+dp/hard\libc_nano.a(lib_a-findfp.o)
                0x08007180                __sfp_lock_release
 .text.__sinit_lock_acquire
                0x0800718c        0xc f:/0_career/0_skill_stack/hardware/0_embedded_sys_dev/1_mcu_dev/0_mcu_stm32/project/win-dev-tools/gcc-arm-none-eabi/bin/../lib/gcc/arm-none-eabi/10.3.1/../../../../arm-none-eabi/lib/thumb/v7e-m+dp/hard\libc_nano.a(lib_a-findfp.o)
                0x0800718c                __sinit_lock_acquire
 .text.__sinit_lock_release
                0x08007198        0xc f:/0_career/0_skill_stack/hardware/0_embedded_sys_dev/1_mcu_dev/0_mcu_stm32/project/win-dev-tools/gcc-arm-none-eabi/bin/../lib/gcc/arm-none-eabi/10.3.1/../../../../arm-none-eabi/lib/thumb/v7e-m+dp/hard\libc_nano.a(lib_a-findfp.o)
                0x08007198                __sinit_lock_release
 .text.__sinit  0x080071a4       0x70 f:/0_career/0_skill_stack/hardware/0_embedded_sys_dev/1_mcu_dev/0_mcu_stm32/project/win-dev-tools/gcc-arm-none-eabi/bin/../lib/gcc/arm-none-eabi/10.3.1/../../../../arm-none-eabi/lib/thumb/v7e-m+dp/hard\libc_nano.a(lib_a-findfp.o)
                0x080071a4                __sinit
 .text.__sfp    0x08007214       0x8c f:/0_career/0_skill_stack/hardware/0_embedded_sys_dev/1_mcu_dev/0_mcu_stm32/project/win-dev-tools/gcc-arm-none-eabi/bin/../lib/gcc/arm-none-eabi/10.3.1/../../../../arm-none-eabi/lib/thumb/v7e-m+dp/hard\libc_nano.a(lib_a-findfp.o)
                0x08007214                __sfp
 .text._fwalk_reent
                0x080072a0       0x3e f:/0_career/0_skill_stack/hardware/0_embedded_sys_dev/1_mcu_dev/0_mcu_stm32/project/win-dev-tools/gcc-arm-none-eabi/bin/../lib/gcc/arm-none-eabi/10.3.1/../../../../arm-none-eabi/lib/thumb/v7e-m+dp/hard\libc_nano.a(lib_a-fwalk.o)
                0x080072a0                _fwalk_reent
 .text.__retarget_lock_init_recursive
                0x080072de        0x2 f:/0_career/0_skill_stack/hardware/0_embedded_sys_dev/1_mcu_dev/0_mcu_stm32/project/win-dev-tools/gcc-arm-none-eabi/bin/../lib/gcc/arm-none-eabi/10.3.1/../../../../arm-none-eabi/lib/thumb/v7e-m+dp/hard\libc_nano.a(lib_a-lock.o)
                0x080072de                __retarget_lock_init_recursive
 .text.__retarget_lock_acquire_recursive
                0x080072e0        0x2 f:/0_career/0_skill_stack/hardware/0_embedded_sys_dev/1_mcu_dev/0_mcu_stm32/project/win-dev-tools/gcc-arm-none-eabi/bin/../lib/gcc/arm-none-eabi/10.3.1/../../../../arm-none-eabi/lib/thumb/v7e-m+dp/hard\libc_nano.a(lib_a-lock.o)
                0x080072e0                __retarget_lock_acquire_recursive
 .text.__retarget_lock_release_recursive
                0x080072e2        0x2 f:/0_career/0_skill_stack/hardware/0_embedded_sys_dev/1_mcu_dev/0_mcu_stm32/project/win-dev-tools/gcc-arm-none-eabi/bin/../lib/gcc/arm-none-eabi/10.3.1/../../../../arm-none-eabi/lib/thumb/v7e-m+dp/hard\libc_nano.a(lib_a-lock.o)
                0x080072e2                __retarget_lock_release_recursive
 .text.__swhatbuf_r
                0x080072e4       0x4a f:/0_career/0_skill_stack/hardware/0_embedded_sys_dev/1_mcu_dev/0_mcu_stm32/project/win-dev-tools/gcc-arm-none-eabi/bin/../lib/gcc/arm-none-eabi/10.3.1/../../../../arm-none-eabi/lib/thumb/v7e-m+dp/hard\libc_nano.a(lib_a-makebuf.o)
                0x080072e4                __swhatbuf_r
 *fill*         0x0800732e        0x2 
 .text.__smakebuf_r
                0x08007330       0x80 f:/0_career/0_skill_stack/hardware/0_embedded_sys_dev/1_mcu_dev/0_mcu_stm32/project/win-dev-tools/gcc-arm-none-eabi/bin/../lib/gcc/arm-none-eabi/10.3.1/../../../../arm-none-eabi/lib/thumb/v7e-m+dp/hard\libc_nano.a(lib_a-makebuf.o)
                0x08007330                __smakebuf_r
 .text._malloc_usable_size_r
                0x080073b0       0x10 f:/0_career/0_skill_stack/hardware/0_embedded_sys_dev/1_mcu_dev/0_mcu_stm32/project/win-dev-tools/gcc-arm-none-eabi/bin/../lib/gcc/arm-none-eabi/10.3.1/../../../../arm-none-eabi/lib/thumb/v7e-m+dp/hard\libc_nano.a(lib_a-nano-msizer.o)
                0x080073b0                _malloc_usable_size_r
 .text._raise_r
                0x080073c0       0x50 f:/0_career/0_skill_stack/hardware/0_embedded_sys_dev/1_mcu_dev/0_mcu_stm32/project/win-dev-tools/gcc-arm-none-eabi/bin/../lib/gcc/arm-none-eabi/10.3.1/../../../../arm-none-eabi/lib/thumb/v7e-m+dp/hard\libc_nano.a(lib_a-signal.o)
                0x080073c0                _raise_r
 .text.raise    0x08007410       0x10 f:/0_career/0_skill_stack/hardware/0_embedded_sys_dev/1_mcu_dev/0_mcu_stm32/project/win-dev-tools/gcc-arm-none-eabi/bin/../lib/gcc/arm-none-eabi/10.3.1/../../../../arm-none-eabi/lib/thumb/v7e-m+dp/hard\libc_nano.a(lib_a-signal.o)
                0x08007410                raise
 .text._kill_r  0x08007420       0x24 f:/0_career/0_skill_stack/hardware/0_embedded_sys_dev/1_mcu_dev/0_mcu_stm32/project/win-dev-tools/gcc-arm-none-eabi/bin/../lib/gcc/arm-none-eabi/10.3.1/../../../../arm-none-eabi/lib/thumb/v7e-m+dp/hard\libc_nano.a(lib_a-signalr.o)
                0x08007420                _kill_r
 .text._getpid_r
                0x08007444        0x4 f:/0_career/0_skill_stack/hardware/0_embedded_sys_dev/1_mcu_dev/0_mcu_stm32/project/win-dev-tools/gcc-arm-none-eabi/bin/../lib/gcc/arm-none-eabi/10.3.1/../../../../arm-none-eabi/lib/thumb/v7e-m+dp/hard\libc_nano.a(lib_a-signalr.o)
                0x08007444                _getpid_r
 .text.__sread  0x08007448       0x22 f:/0_career/0_skill_stack/hardware/0_embedded_sys_dev/1_mcu_dev/0_mcu_stm32/project/win-dev-tools/gcc-arm-none-eabi/bin/../lib/gcc/arm-none-eabi/10.3.1/../../../../arm-none-eabi/lib/thumb/v7e-m+dp/hard\libc_nano.a(lib_a-stdio.o)
                0x08007448                __sread
 .text.__swrite
                0x0800746a       0x38 f:/0_career/0_skill_stack/hardware/0_embedded_sys_dev/1_mcu_dev/0_mcu_stm32/project/win-dev-tools/gcc-arm-none-eabi/bin/../lib/gcc/arm-none-eabi/10.3.1/../../../../arm-none-eabi/lib/thumb/v7e-m+dp/hard\libc_nano.a(lib_a-stdio.o)
                0x0800746a                __swrite
 .text.__sseek  0x080074a2       0x24 f:/0_career/0_skill_stack/hardware/0_embedded_sys_dev/1_mcu_dev/0_mcu_stm32/project/win-dev-tools/gcc-arm-none-eabi/bin/../lib/gcc/arm-none-eabi/10.3.1/../../../../arm-none-eabi/lib/thumb/v7e-m+dp/hard\libc_nano.a(lib_a-stdio.o)
                0x080074a2                __sseek
 .text.__sclose
                0x080074c6        0x8 f:/0_career/0_skill_stack/hardware/0_embedded_sys_dev/1_mcu_dev/0_mcu_stm32/project/win-dev-tools/gcc-arm-none-eabi/bin/../lib/gcc/arm-none-eabi/10.3.1/../../../../arm-none-eabi/lib/thumb/v7e-m+dp/hard\libc_nano.a(lib_a-stdio.o)
                0x080074c6                __sclose
 *fill*         0x080074ce        0x2 
 .text._write_r
                0x080074d0       0x24 f:/0_career/0_skill_stack/hardware/0_embedded_sys_dev/1_mcu_dev/0_mcu_stm32/project/win-dev-tools/gcc-arm-none-eabi/bin/../lib/gcc/arm-none-eabi/10.3.1/../../../../arm-none-eabi/lib/thumb/v7e-m+dp/hard\libc_nano.a(lib_a-writer.o)
                0x080074d0                _write_r
 .text._close_r
                0x080074f4       0x20 f:/0_career/0_skill_stack/hardware/0_embedded_sys_dev/1_mcu_dev/0_mcu_stm32/project/win-dev-tools/gcc-arm-none-eabi/bin/../lib/gcc/arm-none-eabi/10.3.1/../../../../arm-none-eabi/lib/thumb/v7e-m+dp/hard\libc_nano.a(lib_a-closer.o)
                0x080074f4                _close_r
 .text._fstat_r
                0x08007514       0x24 f:/0_career/0_skill_stack/hardware/0_embedded_sys_dev/1_mcu_dev/0_mcu_stm32/project/win-dev-tools/gcc-arm-none-eabi/bin/../lib/gcc/arm-none-eabi/10.3.1/../../../../arm-none-eabi/lib/thumb/v7e-m+dp/hard\libc_nano.a(lib_a-fstatr.o)
                0x08007514                _fstat_r
 .text._isatty_r
                0x08007538       0x20 f:/0_career/0_skill_stack/hardware/0_embedded_sys_dev/1_mcu_dev/0_mcu_stm32/project/win-dev-tools/gcc-arm-none-eabi/bin/../lib/gcc/arm-none-eabi/10.3.1/../../../../arm-none-eabi/lib/thumb/v7e-m+dp/hard\libc_nano.a(lib_a-isattyr.o)
                0x08007538                _isatty_r
 .text._lseek_r
                0x08007558       0x24 f:/0_career/0_skill_stack/hardware/0_embedded_sys_dev/1_mcu_dev/0_mcu_stm32/project/win-dev-tools/gcc-arm-none-eabi/bin/../lib/gcc/arm-none-eabi/10.3.1/../../../../arm-none-eabi/lib/thumb/v7e-m+dp/hard\libc_nano.a(lib_a-lseekr.o)
                0x08007558                _lseek_r
 .text._read_r  0x0800757c       0x24 f:/0_career/0_skill_stack/hardware/0_embedded_sys_dev/1_mcu_dev/0_mcu_stm32/project/win-dev-tools/gcc-arm-none-eabi/bin/../lib/gcc/arm-none-eabi/10.3.1/../../../../arm-none-eabi/lib/thumb/v7e-m+dp/hard\libc_nano.a(lib_a-readr.o)
                0x0800757c                _read_r
 *(.glue_7)
 .glue_7        0x080075a0        0x0 linker stubs
 *(.glue_7t)
 .glue_7t       0x080075a0        0x0 linker stubs
 *(.eh_frame)
 *(.init)
 .init          0x080075a0        0x4 f:/0_career/0_skill_stack/hardware/0_embedded_sys_dev/1_mcu_dev/0_mcu_stm32/project/win-dev-tools/gcc-arm-none-eabi/bin/../lib/gcc/arm-none-eabi/10.3.1/thumb/v7e-m+dp/hard/crti.o
                0x080075a0                _init
 .init          0x080075a4        0x8 f:/0_career/0_skill_stack/hardware/0_embedded_sys_dev/1_mcu_dev/0_mcu_stm32/project/win-dev-tools/gcc-arm-none-eabi/bin/../lib/gcc/arm-none-eabi/10.3.1/thumb/v7e-m+dp/hard/crtn.o
 *(.fini)
 .fini          0x080075ac        0x4 f:/0_career/0_skill_stack/hardware/0_embedded_sys_dev/1_mcu_dev/0_mcu_stm32/project/win-dev-tools/gcc-arm-none-eabi/bin/../lib/gcc/arm-none-eabi/10.3.1/thumb/v7e-m+dp/hard/crti.o
                0x080075ac                _fini
 .fini          0x080075b0        0x8 f:/0_career/0_skill_stack/hardware/0_embedded_sys_dev/1_mcu_dev/0_mcu_stm32/project/win-dev-tools/gcc-arm-none-eabi/bin/../lib/gcc/arm-none-eabi/10.3.1/thumb/v7e-m+dp/hard/crtn.o
                0x080075b8                . = ALIGN (0x4)
                0x080075b8                _etext = .

.vfp11_veneer   0x080075b8        0x0
 .vfp11_veneer  0x080075b8        0x0 linker stubs

.v4_bx          0x080075b8        0x0
 .v4_bx         0x080075b8        0x0 linker stubs

.iplt           0x080075b8        0x0
 .iplt          0x080075b8        0x0 build/main.o

.rodata         0x080075b8      0x58c
                0x080075b8                . = ALIGN (0x4)
 *(.rodata)
 *(.rodata*)
 .rodata.main.str1.4
                0x080075b8        0x6 build/main.o
 *fill*         0x080075be        0x2 
 .rodata.D1CorePrescTable
                0x080075c0       0x10 build/system_stm32h7xx.o
                0x080075c0                D1CorePrescTable
 .rodata._ftoa.str1.4
                0x080075d0       0x15 build/printf.o
 *fill*         0x080075e5        0x3 
 .rodata.pow10.0
                0x080075e8       0x50 build/printf.o
 .rodata._global_impure_ptr
                0x08007638        0x4 f:/0_career/0_skill_stack/hardware/0_embedded_sys_dev/1_mcu_dev/0_mcu_stm32/project/win-dev-tools/gcc-arm-none-eabi/bin/../lib/gcc/arm-none-eabi/10.3.1/../../../../arm-none-eabi/lib/thumb/v7e-m+dp/hard\libc_nano.a(lib_a-impure.o)
                0x08007638                _global_impure_ptr
 .rodata._printf_float.str1.1
                0x0800763c       0x12 f:/0_career/0_skill_stack/hardware/0_embedded_sys_dev/1_mcu_dev/0_mcu_stm32/project/win-dev-tools/gcc-arm-none-eabi/bin/../lib/gcc/arm-none-eabi/10.3.1/../../../../arm-none-eabi/lib/thumb/v7e-m+dp/hard\libc_nano.a(lib_a-nano-vfprintf_float.o)
 .rodata._printf_i.str1.1
                0x0800764e       0x22 f:/0_career/0_skill_stack/hardware/0_embedded_sys_dev/1_mcu_dev/0_mcu_stm32/project/win-dev-tools/gcc-arm-none-eabi/bin/../lib/gcc/arm-none-eabi/10.3.1/../../../../arm-none-eabi/lib/thumb/v7e-m+dp/hard\libc_nano.a(lib_a-nano-vfprintf_i.o)
 .rodata._scanf_float.str1.1
                0x08007670        0x5 f:/0_career/0_skill_stack/hardware/0_embedded_sys_dev/1_mcu_dev/0_mcu_stm32/project/win-dev-tools/gcc-arm-none-eabi/bin/../lib/gcc/arm-none-eabi/10.3.1/../../../../arm-none-eabi/lib/thumb/v7e-m+dp/hard\libc_nano.a(lib_a-nano-vfscanf_float.o)
                                  0x6 (size before relaxing)
 .rodata._strtod_l.str1.1
                0x08007675        0x5 f:/0_career/0_skill_stack/hardware/0_embedded_sys_dev/1_mcu_dev/0_mcu_stm32/project/win-dev-tools/gcc-arm-none-eabi/bin/../lib/gcc/arm-none-eabi/10.3.1/../../../../arm-none-eabi/lib/thumb/v7e-m+dp/hard\libc_nano.a(lib_a-strtod.o)
                                  0xd (size before relaxing)
 *fill*         0x08007675        0x3 
 .rodata.fpi.1  0x08007678       0x14 f:/0_career/0_skill_stack/hardware/0_embedded_sys_dev/1_mcu_dev/0_mcu_stm32/project/win-dev-tools/gcc-arm-none-eabi/bin/../lib/gcc/arm-none-eabi/10.3.1/../../../../arm-none-eabi/lib/thumb/v7e-m+dp/hard\libc_nano.a(lib_a-strtod.o)
 .rodata.fpinan.0
                0x0800768c       0x14 f:/0_career/0_skill_stack/hardware/0_embedded_sys_dev/1_mcu_dev/0_mcu_stm32/project/win-dev-tools/gcc-arm-none-eabi/bin/../lib/gcc/arm-none-eabi/10.3.1/../../../../arm-none-eabi/lib/thumb/v7e-m+dp/hard\libc_nano.a(lib_a-strtod.o)
 .rodata.tinytens
                0x080076a0       0x28 f:/0_career/0_skill_stack/hardware/0_embedded_sys_dev/1_mcu_dev/0_mcu_stm32/project/win-dev-tools/gcc-arm-none-eabi/bin/../lib/gcc/arm-none-eabi/10.3.1/../../../../arm-none-eabi/lib/thumb/v7e-m+dp/hard\libc_nano.a(lib_a-strtod.o)
 .rodata._ctype_
                0x080076c8      0x101 f:/0_career/0_skill_stack/hardware/0_embedded_sys_dev/1_mcu_dev/0_mcu_stm32/project/win-dev-tools/gcc-arm-none-eabi/bin/../lib/gcc/arm-none-eabi/10.3.1/../../../../arm-none-eabi/lib/thumb/v7e-m+dp/hard\libc_nano.a(lib_a-ctype_.o)
                0x080076c8                _ctype_
 .rodata._dtoa_r.str1.1
                0x080077c9       0xb3 f:/0_career/0_skill_stack/hardware/0_embedded_sys_dev/1_mcu_dev/0_mcu_stm32/project/win-dev-tools/gcc-arm-none-eabi/bin/../lib/gcc/arm-none-eabi/10.3.1/../../../../arm-none-eabi/lib/thumb/v7e-m+dp/hard\libc_nano.a(lib_a-dtoa.o)
                                 0xb5 (size before relaxing)
 .rodata.__gethex.str1.1
                0x0800787c       0x86 f:/0_career/0_skill_stack/hardware/0_embedded_sys_dev/1_mcu_dev/0_mcu_stm32/project/win-dev-tools/gcc-arm-none-eabi/bin/../lib/gcc/arm-none-eabi/10.3.1/../../../../arm-none-eabi/lib/thumb/v7e-m+dp/hard\libc_nano.a(lib_a-gdtoa-gethex.o)
                                 0x97 (size before relaxing)
 .rodata.str1.1
                0x08007902        0x2 f:/0_career/0_skill_stack/hardware/0_embedded_sys_dev/1_mcu_dev/0_mcu_stm32/project/win-dev-tools/gcc-arm-none-eabi/bin/../lib/gcc/arm-none-eabi/10.3.1/../../../../arm-none-eabi/lib/thumb/v7e-m+dp/hard\libc_nano.a(lib_a-lnumeric.o)
                                  0x3 (size before relaxing)
 .rodata._C_numeric_locale
                0x08007904        0xc f:/0_career/0_skill_stack/hardware/0_embedded_sys_dev/1_mcu_dev/0_mcu_stm32/project/win-dev-tools/gcc-arm-none-eabi/bin/../lib/gcc/arm-none-eabi/10.3.1/../../../../arm-none-eabi/lib/thumb/v7e-m+dp/hard\libc_nano.a(lib_a-lnumeric.o)
                0x08007904                _C_numeric_locale
 .rodata._setlocale_r.str1.1
                0x08007910        0x8 f:/0_career/0_skill_stack/hardware/0_embedded_sys_dev/1_mcu_dev/0_mcu_stm32/project/win-dev-tools/gcc-arm-none-eabi/bin/../lib/gcc/arm-none-eabi/10.3.1/../../../../arm-none-eabi/lib/thumb/v7e-m+dp/hard\libc_nano.a(lib_a-locale.o)
                                  0x9 (size before relaxing)
 .rodata.str1.1
                0x08007918        0x2 f:/0_career/0_skill_stack/hardware/0_embedded_sys_dev/1_mcu_dev/0_mcu_stm32/project/win-dev-tools/gcc-arm-none-eabi/bin/../lib/gcc/arm-none-eabi/10.3.1/../../../../arm-none-eabi/lib/thumb/v7e-m+dp/hard\libc_nano.a(lib_a-locale.o)
 .rodata._Balloc.str1.1
                0x08007918       0x7f f:/0_career/0_skill_stack/hardware/0_embedded_sys_dev/1_mcu_dev/0_mcu_stm32/project/win-dev-tools/gcc-arm-none-eabi/bin/../lib/gcc/arm-none-eabi/10.3.1/../../../../arm-none-eabi/lib/thumb/v7e-m+dp/hard\libc_nano.a(lib_a-mprec.o)
                                 0x96 (size before relaxing)
 .rodata.__multadd.str1.1
                0x08007997       0x11 f:/0_career/0_skill_stack/hardware/0_embedded_sys_dev/1_mcu_dev/0_mcu_stm32/project/win-dev-tools/gcc-arm-none-eabi/bin/../lib/gcc/arm-none-eabi/10.3.1/../../../../arm-none-eabi/lib/thumb/v7e-m+dp/hard\libc_nano.a(lib_a-mprec.o)
 *fill*         0x08007997        0x1 
 .rodata.__mprec_bigtens
                0x08007998       0x28 f:/0_career/0_skill_stack/hardware/0_embedded_sys_dev/1_mcu_dev/0_mcu_stm32/project/win-dev-tools/gcc-arm-none-eabi/bin/../lib/gcc/arm-none-eabi/10.3.1/../../../../arm-none-eabi/lib/thumb/v7e-m+dp/hard\libc_nano.a(lib_a-mprec.o)
                0x08007998                __mprec_bigtens
 .rodata.__mprec_tens
                0x080079c0       0xc8 f:/0_career/0_skill_stack/hardware/0_embedded_sys_dev/1_mcu_dev/0_mcu_stm32/project/win-dev-tools/gcc-arm-none-eabi/bin/../lib/gcc/arm-none-eabi/10.3.1/../../../../arm-none-eabi/lib/thumb/v7e-m+dp/hard\libc_nano.a(lib_a-mprec.o)
                0x080079c0                __mprec_tens
 .rodata.p05.0  0x08007a88        0xc f:/0_career/0_skill_stack/hardware/0_embedded_sys_dev/1_mcu_dev/0_mcu_stm32/project/win-dev-tools/gcc-arm-none-eabi/bin/../lib/gcc/arm-none-eabi/10.3.1/../../../../arm-none-eabi/lib/thumb/v7e-m+dp/hard\libc_nano.a(lib_a-mprec.o)
 .rodata._svfprintf_r.str1.1
                0x08007a94       0x11 f:/0_career/0_skill_stack/hardware/0_embedded_sys_dev/1_mcu_dev/0_mcu_stm32/project/win-dev-tools/gcc-arm-none-eabi/bin/../lib/gcc/arm-none-eabi/10.3.1/../../../../arm-none-eabi/lib/thumb/v7e-m+dp/hard\libc_nano.a(lib_a-nano-svfprintf.o)
 .rodata.__assert_func.str1.1
                0x08007aa5       0x3c f:/0_career/0_skill_stack/hardware/0_embedded_sys_dev/1_mcu_dev/0_mcu_stm32/project/win-dev-tools/gcc-arm-none-eabi/bin/../lib/gcc/arm-none-eabi/10.3.1/../../../../arm-none-eabi/lib/thumb/v7e-m+dp/hard\libc_nano.a(lib_a-assert.o)
                                 0x3d (size before relaxing)
 .rodata._vfprintf_r.str1.1
                0x08007ae1       0x11 f:/0_career/0_skill_stack/hardware/0_embedded_sys_dev/1_mcu_dev/0_mcu_stm32/project/win-dev-tools/gcc-arm-none-eabi/bin/../lib/gcc/arm-none-eabi/10.3.1/../../../../arm-none-eabi/lib/thumb/v7e-m+dp/hard\libc_nano.a(lib_a-nano-vfprintf.o)
 *fill*         0x08007ae1        0x3 
 .rodata.__sf_fake_stderr
                0x08007ae4       0x20 f:/0_career/0_skill_stack/hardware/0_embedded_sys_dev/1_mcu_dev/0_mcu_stm32/project/win-dev-tools/gcc-arm-none-eabi/bin/../lib/gcc/arm-none-eabi/10.3.1/../../../../arm-none-eabi/lib/thumb/v7e-m+dp/hard\libc_nano.a(lib_a-findfp.o)
                0x08007ae4                __sf_fake_stderr
 .rodata.__sf_fake_stdin
                0x08007b04       0x20 f:/0_career/0_skill_stack/hardware/0_embedded_sys_dev/1_mcu_dev/0_mcu_stm32/project/win-dev-tools/gcc-arm-none-eabi/bin/../lib/gcc/arm-none-eabi/10.3.1/../../../../arm-none-eabi/lib/thumb/v7e-m+dp/hard\libc_nano.a(lib_a-findfp.o)
                0x08007b04                __sf_fake_stdin
 .rodata.__sf_fake_stdout
                0x08007b24       0x20 f:/0_career/0_skill_stack/hardware/0_embedded_sys_dev/1_mcu_dev/0_mcu_stm32/project/win-dev-tools/gcc-arm-none-eabi/bin/../lib/gcc/arm-none-eabi/10.3.1/../../../../arm-none-eabi/lib/thumb/v7e-m+dp/hard\libc_nano.a(lib_a-findfp.o)
                0x08007b24                __sf_fake_stdout
                0x08007b44                . = ALIGN (0x4)
                0x08007b4c                _sidata = LOADADDR (.data)

.ARM.exidx      0x08007b44        0x8
 .ARM.exidx     0x08007b44        0x8 f:/0_career/0_skill_stack/hardware/0_embedded_sys_dev/1_mcu_dev/0_mcu_stm32/project/win-dev-tools/gcc-arm-none-eabi/bin/../lib/gcc/arm-none-eabi/10.3.1/thumb/v7e-m+dp/hard\libgcc.a(_udivmoddi4.o)

.rel.dyn        0x08007b4c        0x0
 .rel.iplt      0x08007b4c        0x0 build/main.o

.data           0x20000000      0x1e4 load address 0x08007b4c
                0x20000000                . = ALIGN (0x4)
                0x20000000                _sdata = .
 *(.data)
 *(.data*)
 .data.uwTickFreq
                0x20000000        0x1 build/stm32h7xx_hal.o
                0x20000000                uwTickFreq
 *fill*         0x20000001        0x3 
 .data.uwTickPrio
                0x20000004        0x4 build/stm32h7xx_hal.o
                0x20000004                uwTickPrio
 .data.SystemCoreClock
                0x20000008        0x4 build/system_stm32h7xx.o
                0x20000008                SystemCoreClock
 .data.SystemD2Clock
                0x2000000c        0x4 build/system_stm32h7xx.o
                0x2000000c                SystemD2Clock
 .data._impure_ptr
                0x20000010        0x4 f:/0_career/0_skill_stack/hardware/0_embedded_sys_dev/1_mcu_dev/0_mcu_stm32/project/win-dev-tools/gcc-arm-none-eabi/bin/../lib/gcc/arm-none-eabi/10.3.1/../../../../arm-none-eabi/lib/thumb/v7e-m+dp/hard\libc_nano.a(lib_a-impure.o)
                0x20000010                _impure_ptr
 .data.impure_data
                0x20000014       0x60 f:/0_career/0_skill_stack/hardware/0_embedded_sys_dev/1_mcu_dev/0_mcu_stm32/project/win-dev-tools/gcc-arm-none-eabi/bin/../lib/gcc/arm-none-eabi/10.3.1/../../../../arm-none-eabi/lib/thumb/v7e-m+dp/hard\libc_nano.a(lib_a-impure.o)
 .data.numempty
                0x20000074        0x2 f:/0_career/0_skill_stack/hardware/0_embedded_sys_dev/1_mcu_dev/0_mcu_stm32/project/win-dev-tools/gcc-arm-none-eabi/bin/../lib/gcc/arm-none-eabi/10.3.1/../../../../arm-none-eabi/lib/thumb/v7e-m+dp/hard\libc_nano.a(lib_a-lnumeric.o)
 *fill*         0x20000076        0x2 
 .data.__global_locale
                0x20000078      0x16c f:/0_career/0_skill_stack/hardware/0_embedded_sys_dev/1_mcu_dev/0_mcu_stm32/project/win-dev-tools/gcc-arm-none-eabi/bin/../lib/gcc/arm-none-eabi/10.3.1/../../../../arm-none-eabi/lib/thumb/v7e-m+dp/hard\libc_nano.a(lib_a-locale.o)
                0x20000078                __global_locale
 *(.RamFunc)
 *(.RamFunc*)
                0x200001e4                . = ALIGN (0x4)
                0x200001e4                _edata = .

.igot.plt       0x200001e4        0x0 load address 0x08007d30
 .igot.plt      0x200001e4        0x0 build/main.o
                0x200001e4                . = ALIGN (0x4)

.bss            0x200001e4       0x18 load address 0x08007d30
                0x200001e4                _sbss = .
                0x200001e4                __bss_start__ = _sbss
 *(.bss)
 *(.bss*)
 .bss.uwTick    0x200001e4        0x4 build/stm32h7xx_hal.o
                0x200001e4                uwTick
 .bss.heap_end.0
                0x200001e8        0x4 build/syscalls.o
 .bss.__malloc_free_list
                0x200001ec        0x4 f:/0_career/0_skill_stack/hardware/0_embedded_sys_dev/1_mcu_dev/0_mcu_stm32/project/win-dev-tools/gcc-arm-none-eabi/bin/../lib/gcc/arm-none-eabi/10.3.1/../../../../arm-none-eabi/lib/thumb/v7e-m+dp/hard\libc_nano.a(lib_a-nano-mallocr.o)
                0x200001ec                __malloc_free_list
 .bss.__malloc_sbrk_start
                0x200001f0        0x4 f:/0_career/0_skill_stack/hardware/0_embedded_sys_dev/1_mcu_dev/0_mcu_stm32/project/win-dev-tools/gcc-arm-none-eabi/bin/../lib/gcc/arm-none-eabi/10.3.1/../../../../arm-none-eabi/lib/thumb/v7e-m+dp/hard\libc_nano.a(lib_a-nano-mallocr.o)
                0x200001f0                __malloc_sbrk_start
 .bss.errno     0x200001f4        0x4 f:/0_career/0_skill_stack/hardware/0_embedded_sys_dev/1_mcu_dev/0_mcu_stm32/project/win-dev-tools/gcc-arm-none-eabi/bin/../lib/gcc/arm-none-eabi/10.3.1/../../../../arm-none-eabi/lib/thumb/v7e-m+dp/hard\libc_nano.a(lib_a-reent.o)
                0x200001f4                errno
 .bss.__lock___malloc_recursive_mutex
                0x200001f8        0x1 f:/0_career/0_skill_stack/hardware/0_embedded_sys_dev/1_mcu_dev/0_mcu_stm32/project/win-dev-tools/gcc-arm-none-eabi/bin/../lib/gcc/arm-none-eabi/10.3.1/../../../../arm-none-eabi/lib/thumb/v7e-m+dp/hard\libc_nano.a(lib_a-lock.o)
                0x200001f8                __lock___malloc_recursive_mutex
 .bss.__lock___sfp_recursive_mutex
                0x200001f9        0x1 f:/0_career/0_skill_stack/hardware/0_embedded_sys_dev/1_mcu_dev/0_mcu_stm32/project/win-dev-tools/gcc-arm-none-eabi/bin/../lib/gcc/arm-none-eabi/10.3.1/../../../../arm-none-eabi/lib/thumb/v7e-m+dp/hard\libc_nano.a(lib_a-lock.o)
                0x200001f9                __lock___sfp_recursive_mutex
 .bss.__lock___sinit_recursive_mutex
                0x200001fa        0x1 f:/0_career/0_skill_stack/hardware/0_embedded_sys_dev/1_mcu_dev/0_mcu_stm32/project/win-dev-tools/gcc-arm-none-eabi/bin/../lib/gcc/arm-none-eabi/10.3.1/../../../../arm-none-eabi/lib/thumb/v7e-m+dp/hard\libc_nano.a(lib_a-lock.o)
                0x200001fa                __lock___sinit_recursive_mutex
 *(COMMON)
                0x200001fc                . = ALIGN (0x4)
 *fill*         0x200001fb        0x1 
                0x200001fc                _ebss = .
                0x200001fc                __bss_end__ = _ebss

._user_heap_stack
                0x200001fc      0x604 load address 0x08007d30
                0x20000200                . = ALIGN (0x8)
 *fill*         0x200001fc        0x4 
                0x20000200                PROVIDE (end = .)
                [!provide]                PROVIDE (_end = .)
                0x20000400                . = (. + _Min_Heap_Size)
 *fill*         0x20000200      0x200 
                0x20000800                . = (. + _Min_Stack_Size)
 *fill*         0x20000400      0x400 
                0x20000800                . = ALIGN (0x8)

/DISCARD/
 libc.a(*)
 libm.a(*)
 libgcc.a(*)
OUTPUT(build/Make_Test.elf elf32-littlearm)
LOAD linker stubs
LOAD f:/0_career/0_skill_stack/hardware/0_embedded_sys_dev/1_mcu_dev/0_mcu_stm32/project/win-dev-tools/gcc-arm-none-eabi/bin/../lib/gcc/arm-none-eabi/10.3.1/../../../../arm-none-eabi/lib/thumb/v7e-m+dp/hard\libc.a
LOAD f:/0_career/0_skill_stack/hardware/0_embedded_sys_dev/1_mcu_dev/0_mcu_stm32/project/win-dev-tools/gcc-arm-none-eabi/bin/../lib/gcc/arm-none-eabi/10.3.1/../../../../arm-none-eabi/lib/thumb/v7e-m+dp/hard\libm.a
LOAD f:/0_career/0_skill_stack/hardware/0_embedded_sys_dev/1_mcu_dev/0_mcu_stm32/project/win-dev-tools/gcc-arm-none-eabi/bin/../lib/gcc/arm-none-eabi/10.3.1/thumb/v7e-m+dp/hard\libgcc.a

.ARM.attributes
                0x00000000       0x2e
 .ARM.attributes
                0x00000000       0x1e f:/0_career/0_skill_stack/hardware/0_embedded_sys_dev/1_mcu_dev/0_mcu_stm32/project/win-dev-tools/gcc-arm-none-eabi/bin/../lib/gcc/arm-none-eabi/10.3.1/thumb/v7e-m+dp/hard/crti.o
 .ARM.attributes
                0x0000001e       0x32 build/main.o
 .ARM.attributes
                0x00000050       0x32 build/gpio.o
 .ARM.attributes
                0x00000082       0x32 build/stm32h7xx_it.o
 .ARM.attributes
                0x000000b4       0x32 build/stm32h7xx_hal_msp.o
 .ARM.attributes
                0x000000e6       0x32 build/stm32h7xx_hal_cortex.o
 .ARM.attributes
                0x00000118       0x32 build/stm32h7xx_hal_rcc.o
 .ARM.attributes
                0x0000014a       0x32 build/stm32h7xx_hal_gpio.o
 .ARM.attributes
                0x0000017c       0x32 build/stm32h7xx_hal_pwr_ex.o
 .ARM.attributes
                0x000001ae       0x32 build/stm32h7xx_hal.o
 .ARM.attributes
                0x000001e0       0x32 build/system_stm32h7xx.o
 .ARM.attributes
                0x00000212       0x32 build/printf.o
 .ARM.attributes
                0x00000244       0x32 build/syscalls.o
 .ARM.attributes
                0x00000276       0x21 build/startup_stm32h723xx.o
 .ARM.attributes
                0x00000297       0x32 f:/0_career/0_skill_stack/hardware/0_embedded_sys_dev/1_mcu_dev/0_mcu_stm32/project/win-dev-tools/gcc-arm-none-eabi/bin/../lib/gcc/arm-none-eabi/10.3.1/../../../../arm-none-eabi/lib/thumb/v7e-m+dp/hard\libc_nano.a(lib_a-errno.o)
 .ARM.attributes
                0x000002c9       0x32 f:/0_career/0_skill_stack/hardware/0_embedded_sys_dev/1_mcu_dev/0_mcu_stm32/project/win-dev-tools/gcc-arm-none-eabi/bin/../lib/gcc/arm-none-eabi/10.3.1/../../../../arm-none-eabi/lib/thumb/v7e-m+dp/hard\libc_nano.a(lib_a-impure.o)
 .ARM.attributes
                0x000002fb       0x32 f:/0_career/0_skill_stack/hardware/0_embedded_sys_dev/1_mcu_dev/0_mcu_stm32/project/win-dev-tools/gcc-arm-none-eabi/bin/../lib/gcc/arm-none-eabi/10.3.1/../../../../arm-none-eabi/lib/thumb/v7e-m+dp/hard\libc_nano.a(lib_a-init.o)
 .ARM.attributes
                0x0000032d       0x32 f:/0_career/0_skill_stack/hardware/0_embedded_sys_dev/1_mcu_dev/0_mcu_stm32/project/win-dev-tools/gcc-arm-none-eabi/bin/../lib/gcc/arm-none-eabi/10.3.1/../../../../arm-none-eabi/lib/thumb/v7e-m+dp/hard\libc_nano.a(lib_a-memset.o)
 .ARM.attributes
                0x0000035f       0x32 f:/0_career/0_skill_stack/hardware/0_embedded_sys_dev/1_mcu_dev/0_mcu_stm32/project/win-dev-tools/gcc-arm-none-eabi/bin/../lib/gcc/arm-none-eabi/10.3.1/../../../../arm-none-eabi/lib/thumb/v7e-m+dp/hard\libc_nano.a(lib_a-nano-vfprintf_float.o)
 .ARM.attributes
                0x00000391       0x32 f:/0_career/0_skill_stack/hardware/0_embedded_sys_dev/1_mcu_dev/0_mcu_stm32/project/win-dev-tools/gcc-arm-none-eabi/bin/../lib/gcc/arm-none-eabi/10.3.1/../../../../arm-none-eabi/lib/thumb/v7e-m+dp/hard\libc_nano.a(lib_a-nano-vfprintf_i.o)
 .ARM.attributes
                0x000003c3       0x32 f:/0_career/0_skill_stack/hardware/0_embedded_sys_dev/1_mcu_dev/0_mcu_stm32/project/win-dev-tools/gcc-arm-none-eabi/bin/../lib/gcc/arm-none-eabi/10.3.1/../../../../arm-none-eabi/lib/thumb/v7e-m+dp/hard\libc_nano.a(lib_a-nano-vfscanf_float.o)
 .ARM.attributes
                0x000003f5       0x32 f:/0_career/0_skill_stack/hardware/0_embedded_sys_dev/1_mcu_dev/0_mcu_stm32/project/win-dev-tools/gcc-arm-none-eabi/bin/../lib/gcc/arm-none-eabi/10.3.1/../../../../arm-none-eabi/lib/thumb/v7e-m+dp/hard\libc_nano.a(lib_a-sf_nan.o)
 .ARM.attributes
                0x00000427       0x32 f:/0_career/0_skill_stack/hardware/0_embedded_sys_dev/1_mcu_dev/0_mcu_stm32/project/win-dev-tools/gcc-arm-none-eabi/bin/../lib/gcc/arm-none-eabi/10.3.1/../../../../arm-none-eabi/lib/thumb/v7e-m+dp/hard\libc_nano.a(lib_a-sprintf.o)
 .ARM.attributes
                0x00000459       0x17 f:/0_career/0_skill_stack/hardware/0_embedded_sys_dev/1_mcu_dev/0_mcu_stm32/project/win-dev-tools/gcc-arm-none-eabi/bin/../lib/gcc/arm-none-eabi/10.3.1/../../../../arm-none-eabi/lib/thumb/v7e-m+dp/hard\libc_nano.a(lib_a-strlen.o)
 .ARM.attributes
                0x00000470       0x32 f:/0_career/0_skill_stack/hardware/0_embedded_sys_dev/1_mcu_dev/0_mcu_stm32/project/win-dev-tools/gcc-arm-none-eabi/bin/../lib/gcc/arm-none-eabi/10.3.1/../../../../arm-none-eabi/lib/thumb/v7e-m+dp/hard\libc_nano.a(lib_a-strtod.o)
 .ARM.attributes
                0x000004a2       0x32 f:/0_career/0_skill_stack/hardware/0_embedded_sys_dev/1_mcu_dev/0_mcu_stm32/project/win-dev-tools/gcc-arm-none-eabi/bin/../lib/gcc/arm-none-eabi/10.3.1/../../../../arm-none-eabi/lib/thumb/v7e-m+dp/hard\libc_nano.a(lib_a-strtol.o)
 .ARM.attributes
                0x000004d4       0x32 f:/0_career/0_skill_stack/hardware/0_embedded_sys_dev/1_mcu_dev/0_mcu_stm32/project/win-dev-tools/gcc-arm-none-eabi/bin/../lib/gcc/arm-none-eabi/10.3.1/../../../../arm-none-eabi/lib/thumb/v7e-m+dp/hard\libc_nano.a(lib_a-ctype_.o)
 .ARM.attributes
                0x00000506       0x32 f:/0_career/0_skill_stack/hardware/0_embedded_sys_dev/1_mcu_dev/0_mcu_stm32/project/win-dev-tools/gcc-arm-none-eabi/bin/../lib/gcc/arm-none-eabi/10.3.1/../../../../arm-none-eabi/lib/thumb/v7e-m+dp/hard\libc_nano.a(lib_a-dtoa.o)
 .ARM.attributes
                0x00000538       0x32 f:/0_career/0_skill_stack/hardware/0_embedded_sys_dev/1_mcu_dev/0_mcu_stm32/project/win-dev-tools/gcc-arm-none-eabi/bin/../lib/gcc/arm-none-eabi/10.3.1/../../../../arm-none-eabi/lib/thumb/v7e-m+dp/hard\libc_nano.a(lib_a-gdtoa-gethex.o)
 .ARM.attributes
                0x0000056a       0x32 f:/0_career/0_skill_stack/hardware/0_embedded_sys_dev/1_mcu_dev/0_mcu_stm32/project/win-dev-tools/gcc-arm-none-eabi/bin/../lib/gcc/arm-none-eabi/10.3.1/../../../../arm-none-eabi/lib/thumb/v7e-m+dp/hard\libc_nano.a(lib_a-gdtoa-hexnan.o)
 .ARM.attributes
                0x0000059c       0x32 f:/0_career/0_skill_stack/hardware/0_embedded_sys_dev/1_mcu_dev/0_mcu_stm32/project/win-dev-tools/gcc-arm-none-eabi/bin/../lib/gcc/arm-none-eabi/10.3.1/../../../../arm-none-eabi/lib/thumb/v7e-m+dp/hard\libc_nano.a(lib_a-lnumeric.o)
 .ARM.attributes
                0x000005ce       0x32 f:/0_career/0_skill_stack/hardware/0_embedded_sys_dev/1_mcu_dev/0_mcu_stm32/project/win-dev-tools/gcc-arm-none-eabi/bin/../lib/gcc/arm-none-eabi/10.3.1/../../../../arm-none-eabi/lib/thumb/v7e-m+dp/hard\libc_nano.a(lib_a-locale.o)
 .ARM.attributes
                0x00000600       0x32 f:/0_career/0_skill_stack/hardware/0_embedded_sys_dev/1_mcu_dev/0_mcu_stm32/project/win-dev-tools/gcc-arm-none-eabi/bin/../lib/gcc/arm-none-eabi/10.3.1/../../../../arm-none-eabi/lib/thumb/v7e-m+dp/hard\libc_nano.a(lib_a-localeconv.o)
 .ARM.attributes
                0x00000632       0x32 f:/0_career/0_skill_stack/hardware/0_embedded_sys_dev/1_mcu_dev/0_mcu_stm32/project/win-dev-tools/gcc-arm-none-eabi/bin/../lib/gcc/arm-none-eabi/10.3.1/../../../../arm-none-eabi/lib/thumb/v7e-m+dp/hard\libc_nano.a(lib_a-malloc.o)
 .ARM.attributes
                0x00000664       0x32 f:/0_career/0_skill_stack/hardware/0_embedded_sys_dev/1_mcu_dev/0_mcu_stm32/project/win-dev-tools/gcc-arm-none-eabi/bin/../lib/gcc/arm-none-eabi/10.3.1/../../../../arm-none-eabi/lib/thumb/v7e-m+dp/hard\libc_nano.a(lib_a-mbtowc_r.o)
 .ARM.attributes
                0x00000696       0x1c f:/0_career/0_skill_stack/hardware/0_embedded_sys_dev/1_mcu_dev/0_mcu_stm32/project/win-dev-tools/gcc-arm-none-eabi/bin/../lib/gcc/arm-none-eabi/10.3.1/../../../../arm-none-eabi/lib/thumb/v7e-m+dp/hard\libc_nano.a(lib_a-memchr.o)
 .ARM.attributes
                0x000006b2       0x32 f:/0_career/0_skill_stack/hardware/0_embedded_sys_dev/1_mcu_dev/0_mcu_stm32/project/win-dev-tools/gcc-arm-none-eabi/bin/../lib/gcc/arm-none-eabi/10.3.1/../../../../arm-none-eabi/lib/thumb/v7e-m+dp/hard\libc_nano.a(lib_a-memcpy-stub.o)
 .ARM.attributes
                0x000006e4       0x32 f:/0_career/0_skill_stack/hardware/0_embedded_sys_dev/1_mcu_dev/0_mcu_stm32/project/win-dev-tools/gcc-arm-none-eabi/bin/../lib/gcc/arm-none-eabi/10.3.1/../../../../arm-none-eabi/lib/thumb/v7e-m+dp/hard\libc_nano.a(lib_a-mprec.o)
 .ARM.attributes
                0x00000716       0x32 f:/0_career/0_skill_stack/hardware/0_embedded_sys_dev/1_mcu_dev/0_mcu_stm32/project/win-dev-tools/gcc-arm-none-eabi/bin/../lib/gcc/arm-none-eabi/10.3.1/../../../../arm-none-eabi/lib/thumb/v7e-m+dp/hard\libc_nano.a(lib_a-nano-callocr.o)
 .ARM.attributes
                0x00000748       0x32 f:/0_career/0_skill_stack/hardware/0_embedded_sys_dev/1_mcu_dev/0_mcu_stm32/project/win-dev-tools/gcc-arm-none-eabi/bin/../lib/gcc/arm-none-eabi/10.3.1/../../../../arm-none-eabi/lib/thumb/v7e-m+dp/hard\libc_nano.a(lib_a-nano-freer.o)
 .ARM.attributes
                0x0000077a       0x32 f:/0_career/0_skill_stack/hardware/0_embedded_sys_dev/1_mcu_dev/0_mcu_stm32/project/win-dev-tools/gcc-arm-none-eabi/bin/../lib/gcc/arm-none-eabi/10.3.1/../../../../arm-none-eabi/lib/thumb/v7e-m+dp/hard\libc_nano.a(lib_a-nano-mallocr.o)
 .ARM.attributes
                0x000007ac       0x32 f:/0_career/0_skill_stack/hardware/0_embedded_sys_dev/1_mcu_dev/0_mcu_stm32/project/win-dev-tools/gcc-arm-none-eabi/bin/../lib/gcc/arm-none-eabi/10.3.1/../../../../arm-none-eabi/lib/thumb/v7e-m+dp/hard\libc_nano.a(lib_a-nano-svfprintf.o)
 .ARM.attributes
                0x000007de       0x32 f:/0_career/0_skill_stack/hardware/0_embedded_sys_dev/1_mcu_dev/0_mcu_stm32/project/win-dev-tools/gcc-arm-none-eabi/bin/../lib/gcc/arm-none-eabi/10.3.1/../../../../arm-none-eabi/lib/thumb/v7e-m+dp/hard\libc_nano.a(lib_a-s_nan.o)
 .ARM.attributes
                0x00000810       0x32 f:/0_career/0_skill_stack/hardware/0_embedded_sys_dev/1_mcu_dev/0_mcu_stm32/project/win-dev-tools/gcc-arm-none-eabi/bin/../lib/gcc/arm-none-eabi/10.3.1/../../../../arm-none-eabi/lib/thumb/v7e-m+dp/hard\libc_nano.a(lib_a-sbrkr.o)
 .ARM.attributes
                0x00000842       0x32 f:/0_career/0_skill_stack/hardware/0_embedded_sys_dev/1_mcu_dev/0_mcu_stm32/project/win-dev-tools/gcc-arm-none-eabi/bin/../lib/gcc/arm-none-eabi/10.3.1/../../../../arm-none-eabi/lib/thumb/v7e-m+dp/hard\libc_nano.a(lib_a-strncmp.o)
 .ARM.attributes
                0x00000874       0x32 f:/0_career/0_skill_stack/hardware/0_embedded_sys_dev/1_mcu_dev/0_mcu_stm32/project/win-dev-tools/gcc-arm-none-eabi/bin/../lib/gcc/arm-none-eabi/10.3.1/../../../../arm-none-eabi/lib/thumb/v7e-m+dp/hard\libc_nano.a(lib_a-wctomb_r.o)
 .ARM.attributes
                0x000008a6       0x32 f:/0_career/0_skill_stack/hardware/0_embedded_sys_dev/1_mcu_dev/0_mcu_stm32/project/win-dev-tools/gcc-arm-none-eabi/bin/../lib/gcc/arm-none-eabi/10.3.1/../../../../arm-none-eabi/lib/thumb/v7e-m+dp/hard\libc_nano.a(lib_a-assert.o)
 .ARM.attributes
                0x000008d8       0x32 f:/0_career/0_skill_stack/hardware/0_embedded_sys_dev/1_mcu_dev/0_mcu_stm32/project/win-dev-tools/gcc-arm-none-eabi/bin/../lib/gcc/arm-none-eabi/10.3.1/../../../../arm-none-eabi/lib/thumb/v7e-m+dp/hard\libc_nano.a(lib_a-fprintf.o)
 .ARM.attributes
                0x0000090a       0x32 f:/0_career/0_skill_stack/hardware/0_embedded_sys_dev/1_mcu_dev/0_mcu_stm32/project/win-dev-tools/gcc-arm-none-eabi/bin/../lib/gcc/arm-none-eabi/10.3.1/../../../../arm-none-eabi/lib/thumb/v7e-m+dp/hard\libc_nano.a(lib_a-memmove.o)
 .ARM.attributes
                0x0000093c       0x32 f:/0_career/0_skill_stack/hardware/0_embedded_sys_dev/1_mcu_dev/0_mcu_stm32/project/win-dev-tools/gcc-arm-none-eabi/bin/../lib/gcc/arm-none-eabi/10.3.1/../../../../arm-none-eabi/lib/thumb/v7e-m+dp/hard\libc_nano.a(lib_a-mlock.o)
 .ARM.attributes
                0x0000096e       0x32 f:/0_career/0_skill_stack/hardware/0_embedded_sys_dev/1_mcu_dev/0_mcu_stm32/project/win-dev-tools/gcc-arm-none-eabi/bin/../lib/gcc/arm-none-eabi/10.3.1/../../../../arm-none-eabi/lib/thumb/v7e-m+dp/hard\libc_nano.a(lib_a-nano-reallocr.o)
 .ARM.attributes
                0x000009a0       0x32 f:/0_career/0_skill_stack/hardware/0_embedded_sys_dev/1_mcu_dev/0_mcu_stm32/project/win-dev-tools/gcc-arm-none-eabi/bin/../lib/gcc/arm-none-eabi/10.3.1/../../../../arm-none-eabi/lib/thumb/v7e-m+dp/hard\libc_nano.a(lib_a-nano-vfprintf.o)
 .ARM.attributes
                0x000009d2       0x32 f:/0_career/0_skill_stack/hardware/0_embedded_sys_dev/1_mcu_dev/0_mcu_stm32/project/win-dev-tools/gcc-arm-none-eabi/bin/../lib/gcc/arm-none-eabi/10.3.1/../../../../arm-none-eabi/lib/thumb/v7e-m+dp/hard\libc_nano.a(lib_a-reent.o)
 .ARM.attributes
                0x00000a04       0x32 f:/0_career/0_skill_stack/hardware/0_embedded_sys_dev/1_mcu_dev/0_mcu_stm32/project/win-dev-tools/gcc-arm-none-eabi/bin/../lib/gcc/arm-none-eabi/10.3.1/../../../../arm-none-eabi/lib/thumb/v7e-m+dp/hard\libc_nano.a(lib_a-wbuf.o)
 .ARM.attributes
                0x00000a36       0x32 f:/0_career/0_skill_stack/hardware/0_embedded_sys_dev/1_mcu_dev/0_mcu_stm32/project/win-dev-tools/gcc-arm-none-eabi/bin/../lib/gcc/arm-none-eabi/10.3.1/../../../../arm-none-eabi/lib/thumb/v7e-m+dp/hard\libc_nano.a(lib_a-wsetup.o)
 .ARM.attributes
                0x00000a68       0x32 f:/0_career/0_skill_stack/hardware/0_embedded_sys_dev/1_mcu_dev/0_mcu_stm32/project/win-dev-tools/gcc-arm-none-eabi/bin/../lib/gcc/arm-none-eabi/10.3.1/../../../../arm-none-eabi/lib/thumb/v7e-m+dp/hard\libc_nano.a(lib_a-abort.o)
 .ARM.attributes
                0x00000a9a       0x32 f:/0_career/0_skill_stack/hardware/0_embedded_sys_dev/1_mcu_dev/0_mcu_stm32/project/win-dev-tools/gcc-arm-none-eabi/bin/../lib/gcc/arm-none-eabi/10.3.1/../../../../arm-none-eabi/lib/thumb/v7e-m+dp/hard\libc_nano.a(lib_a-fflush.o)
 .ARM.attributes
                0x00000acc       0x32 f:/0_career/0_skill_stack/hardware/0_embedded_sys_dev/1_mcu_dev/0_mcu_stm32/project/win-dev-tools/gcc-arm-none-eabi/bin/../lib/gcc/arm-none-eabi/10.3.1/../../../../arm-none-eabi/lib/thumb/v7e-m+dp/hard\libc_nano.a(lib_a-findfp.o)
 .ARM.attributes
                0x00000afe       0x32 f:/0_career/0_skill_stack/hardware/0_embedded_sys_dev/1_mcu_dev/0_mcu_stm32/project/win-dev-tools/gcc-arm-none-eabi/bin/../lib/gcc/arm-none-eabi/10.3.1/../../../../arm-none-eabi/lib/thumb/v7e-m+dp/hard\libc_nano.a(lib_a-fwalk.o)
 .ARM.attributes
                0x00000b30       0x32 f:/0_career/0_skill_stack/hardware/0_embedded_sys_dev/1_mcu_dev/0_mcu_stm32/project/win-dev-tools/gcc-arm-none-eabi/bin/../lib/gcc/arm-none-eabi/10.3.1/../../../../arm-none-eabi/lib/thumb/v7e-m+dp/hard\libc_nano.a(lib_a-lock.o)
 .ARM.attributes
                0x00000b62       0x32 f:/0_career/0_skill_stack/hardware/0_embedded_sys_dev/1_mcu_dev/0_mcu_stm32/project/win-dev-tools/gcc-arm-none-eabi/bin/../lib/gcc/arm-none-eabi/10.3.1/../../../../arm-none-eabi/lib/thumb/v7e-m+dp/hard\libc_nano.a(lib_a-makebuf.o)
 .ARM.attributes
                0x00000b94       0x32 f:/0_career/0_skill_stack/hardware/0_embedded_sys_dev/1_mcu_dev/0_mcu_stm32/project/win-dev-tools/gcc-arm-none-eabi/bin/../lib/gcc/arm-none-eabi/10.3.1/../../../../arm-none-eabi/lib/thumb/v7e-m+dp/hard\libc_nano.a(lib_a-nano-msizer.o)
 .ARM.attributes
                0x00000bc6       0x32 f:/0_career/0_skill_stack/hardware/0_embedded_sys_dev/1_mcu_dev/0_mcu_stm32/project/win-dev-tools/gcc-arm-none-eabi/bin/../lib/gcc/arm-none-eabi/10.3.1/../../../../arm-none-eabi/lib/thumb/v7e-m+dp/hard\libc_nano.a(lib_a-signal.o)
 .ARM.attributes
                0x00000bf8       0x32 f:/0_career/0_skill_stack/hardware/0_embedded_sys_dev/1_mcu_dev/0_mcu_stm32/project/win-dev-tools/gcc-arm-none-eabi/bin/../lib/gcc/arm-none-eabi/10.3.1/../../../../arm-none-eabi/lib/thumb/v7e-m+dp/hard\libc_nano.a(lib_a-signalr.o)
 .ARM.attributes
                0x00000c2a       0x32 f:/0_career/0_skill_stack/hardware/0_embedded_sys_dev/1_mcu_dev/0_mcu_stm32/project/win-dev-tools/gcc-arm-none-eabi/bin/../lib/gcc/arm-none-eabi/10.3.1/../../../../arm-none-eabi/lib/thumb/v7e-m+dp/hard\libc_nano.a(lib_a-stdio.o)
 .ARM.attributes
                0x00000c5c       0x32 f:/0_career/0_skill_stack/hardware/0_embedded_sys_dev/1_mcu_dev/0_mcu_stm32/project/win-dev-tools/gcc-arm-none-eabi/bin/../lib/gcc/arm-none-eabi/10.3.1/../../../../arm-none-eabi/lib/thumb/v7e-m+dp/hard\libc_nano.a(lib_a-writer.o)
 .ARM.attributes
                0x00000c8e       0x32 f:/0_career/0_skill_stack/hardware/0_embedded_sys_dev/1_mcu_dev/0_mcu_stm32/project/win-dev-tools/gcc-arm-none-eabi/bin/../lib/gcc/arm-none-eabi/10.3.1/../../../../arm-none-eabi/lib/thumb/v7e-m+dp/hard\libc_nano.a(lib_a-closer.o)
 .ARM.attributes
                0x00000cc0       0x32 f:/0_career/0_skill_stack/hardware/0_embedded_sys_dev/1_mcu_dev/0_mcu_stm32/project/win-dev-tools/gcc-arm-none-eabi/bin/../lib/gcc/arm-none-eabi/10.3.1/../../../../arm-none-eabi/lib/thumb/v7e-m+dp/hard\libc_nano.a(lib_a-fstatr.o)
 .ARM.attributes
                0x00000cf2       0x32 f:/0_career/0_skill_stack/hardware/0_embedded_sys_dev/1_mcu_dev/0_mcu_stm32/project/win-dev-tools/gcc-arm-none-eabi/bin/../lib/gcc/arm-none-eabi/10.3.1/../../../../arm-none-eabi/lib/thumb/v7e-m+dp/hard\libc_nano.a(lib_a-isattyr.o)
 .ARM.attributes
                0x00000d24       0x32 f:/0_career/0_skill_stack/hardware/0_embedded_sys_dev/1_mcu_dev/0_mcu_stm32/project/win-dev-tools/gcc-arm-none-eabi/bin/../lib/gcc/arm-none-eabi/10.3.1/../../../../arm-none-eabi/lib/thumb/v7e-m+dp/hard\libc_nano.a(lib_a-lseekr.o)
 .ARM.attributes
                0x00000d56       0x32 f:/0_career/0_skill_stack/hardware/0_embedded_sys_dev/1_mcu_dev/0_mcu_stm32/project/win-dev-tools/gcc-arm-none-eabi/bin/../lib/gcc/arm-none-eabi/10.3.1/../../../../arm-none-eabi/lib/thumb/v7e-m+dp/hard\libc_nano.a(lib_a-readr.o)
 .ARM.attributes
                0x00000d88       0x1e f:/0_career/0_skill_stack/hardware/0_embedded_sys_dev/1_mcu_dev/0_mcu_stm32/project/win-dev-tools/gcc-arm-none-eabi/bin/../lib/gcc/arm-none-eabi/10.3.1/thumb/v7e-m+dp/hard\libgcc.a(_arm_addsubdf3.o)
 .ARM.attributes
                0x00000da6       0x1e f:/0_career/0_skill_stack/hardware/0_embedded_sys_dev/1_mcu_dev/0_mcu_stm32/project/win-dev-tools/gcc-arm-none-eabi/bin/../lib/gcc/arm-none-eabi/10.3.1/thumb/v7e-m+dp/hard\libgcc.a(_aeabi_uldivmod.o)
 .ARM.attributes
                0x00000dc4       0x32 f:/0_career/0_skill_stack/hardware/0_embedded_sys_dev/1_mcu_dev/0_mcu_stm32/project/win-dev-tools/gcc-arm-none-eabi/bin/../lib/gcc/arm-none-eabi/10.3.1/thumb/v7e-m+dp/hard\libgcc.a(_fixdfdi.o)
 .ARM.attributes
                0x00000df6       0x32 f:/0_career/0_skill_stack/hardware/0_embedded_sys_dev/1_mcu_dev/0_mcu_stm32/project/win-dev-tools/gcc-arm-none-eabi/bin/../lib/gcc/arm-none-eabi/10.3.1/thumb/v7e-m+dp/hard\libgcc.a(_fixunsdfdi.o)
 .ARM.attributes
                0x00000e28       0x32 f:/0_career/0_skill_stack/hardware/0_embedded_sys_dev/1_mcu_dev/0_mcu_stm32/project/win-dev-tools/gcc-arm-none-eabi/bin/../lib/gcc/arm-none-eabi/10.3.1/thumb/v7e-m+dp/hard\libgcc.a(_udivmoddi4.o)
 .ARM.attributes